Thu 08/04/2022 
12:11 AM
$PROBLEM    2 compartment fitting
$INPUT       ID TIME AMT DROP DV MDV EVID WT AGE SEX BUN SCR OCC CRCL COV1 COV2

$DATA      C:\workspace\ffe\user\Example6/dmag_with_period.csv IGNORE=@

$SUBROUTINE ADVAN4 ;; advan4 
$PK      
  CWTKGONE = WT/81  ;; WEIGHT CENTERED ON ONE
  CWTKGZERO = WT-81 ;; WEIGHT CENTERED ON ZERO
  CAGE = AGE/60     ;; AGE CENTERED ON ONE
  CCRCL = CRCL/85.6 ;; CRCL CENTERD ON ONE
  CCOV1 = COV1-15.4 ;; COVARIATE 1 CENTERED ON ZERO
  IF(OCC.EQ.1) IOVV = ETA(9) 
  IF(OCC.EQ.2) IOVV = ETA(10) 
  IF(OCC.EQ.3) IOVV = ETA(11)  
  TVV2=THETA(1) *EXP(CWTKGZERO*THETA(6)) *EXP(SEX*THETA(7))    *EXP(IOVV)
  V2=TVV2*EXP(ETA(2))   
  IF(OCC.EQ.1) IOVCL = ETA(6) 
  IF(OCC.EQ.2) IOVCL = ETA(7) 
  IF(OCC.EQ.3) IOVCL = ETA(8)
  TVCL= THETA(3)   *CCRCL**THETA(8)  *EXP(IOVCL)
  CL=TVCL*EXP(ETA(1)) 

  K=CL/V2      
  K23=THETA(4)
  K32=THETA(5)  
  ALAG1=THETA(9)*EXP(ETA(4))
  ;; No D1    
  TVKA=THETA(2) 
  KA=TVKA  *EXP(ETA(3))     
  S2 = V2 
$ERROR     	
  REP = IREP      
  IPRED =F  
  IOBS = F *EXP(EPS(1))+EPS(2)
  Y=IOBS
$THETA      
  (0.001,100) 	; THETA(1) V  UNITS = L
  (0.001, 10) 	; THETA(2) KA UNITS = 1/HR    
  (0.001,2)	; THETA(3) CL UNITS =  L/HR
  (0.001,0.02)  	 ; THETA(4) K23 
  (0.001,0.3) 	 ; THETA(5) K32 
  ; init for K23~WT    
  (-1,0.01) 	; THETA(6) EXPONENTIAL volume ~WT    
  (-4,0.1) 	; THETA(7) EXPONENTIAL volume~SEX    




  (-4,-0.2) 	; THETA(8) POWER clearance~CRCL 

  (0.001,0.1) 	; THETA(9) ALAG1   
$OMEGA    
  0.1  		; ETA(1) CLEARANCE 
  0.4  		; ETA(2) VOLUME  
$OMEGA ;; 2nd OMEGA block 
  0.1		; ETA(3) ETA ON KA  
$OMEGA  ;; diagonal OMEGA 
  0.1 		;; ETA(4) ETA ON ALAG1
  0.1 		;; ETA(5) ETA ON D1 
$OMEGA BLOCK(1) ; ETA(6)
  0.1 
$OMEGA BLOCK SAME ; ETA(7)
$OMEGA BLOCK SAME ; ETA(8)
$OMEGA BLOCK(1) ; ETA(9)
  0.1 
$OMEGA BLOCK SAME ; ETA(10)
$OMEGA BLOCK SAME ; ETA(11)
$SIGMA   
  0.1 	; EPS(1) proportional error
  100 	; EPS(2) additive error

$EST METHOD=COND INTER MAX = 9999 MSFO=MSF1 PRINT = 10
$COV UNCOND PRINT=E  PRECOND=1 PRECONDS=TOS  MATRIX = R

$TABLE REP ID TIME DV EVID NOPRINT FILE = ORG.DAT ONEHEADER NOAPPEND

$PROB SIMULATION FOR CMAX

$INPUT       ID TIME AMT DROP DV MDV EVID WT AGE SEX BUN SCR OCC CRCL COV1 COV2
$DATA      C:\workspace\ffe\user\Example6/dmag_with_period.csv IGNORE=@  REWIND
$MSFI = MSF1
$SIMULATION (1) ONLYSIM  
$TABLE REP ID TIME IOBS EVID  NOAPPEND NOPRINT FILE = SIM.DAT ONEHEADER NOAPPEND

;; Phenotype 
;; OrderedDict([('ADVAN', 1), ('K23~WT', 0), ('KAETA', 1), ('V2~WT', 2), ('V2~AGE', 0), ('V2~SEX', 1), ('V2~COV2', 0), ('CL~WT', 0), ('CL~AGE', 0), ('CL~CRCL', 1), ('CL~COV1', 0), ('IOVCL', 0), ('IOVV', 0), ('INITCL', 0), ('ETAD1LAG', 3), ('D1LAG', 0), ('RESERR', 0)])
;; Genotype 
;; [1, 0, 1, 2, 0, 1, 0, 0, 0, 1, 0, 0, 0, 0, 3, 0, 0]
;; Num non-influential tokens = 0  
NM-TRAN MESSAGES 
  
 WARNINGS AND ERRORS (IF ANY) FOR PROBLEM    1
             
 (WARNING  2) NM-TRAN INFERS THAT THE DATA ARE POPULATION.
             
 (WARNING  3) THERE MAY BE AN ERROR IN THE ABBREVIATED CODE. THE FOLLOWING
 ONE OR MORE RANDOM VARIABLES ARE DEFINED WITH "IF" STATEMENTS THAT DO NOT
 PROVIDE DEFINITIONS FOR BOTH THE "THEN" AND "ELSE" CASES. IF ALL
 CONDITIONS FAIL, THE VALUES OF THESE VARIABLES WILL BE ZERO.
  
   IOVV IOVCL

             
 (WARNING  31) $OMEGA INCLUDES A NON-FIXED INITIAL ESTIMATE CORRESPONDING TO
 AN ETA THAT IS NOT USED IN ABBREVIATED CODE.
             
 (WARNING  41) NON-FIXED PARAMETER ESTIMATES CORRESPONDING TO UNUSED
 PARAMETERS MAY CAUSE THE COVARIANCE STEP TO FAIL.
  
 WARNINGS AND ERRORS (IF ANY) FOR PROBLEM    2
             
 (WARNING  2) NM-TRAN INFERS THAT THE DATA ARE POPULATION.
  
License Registered to: Certara USA
Expiration Date:    14 MAR 2023
Current Date:        4 AUG 2022
Days until program expires : 225
1NONLINEAR MIXED EFFECTS MODEL PROGRAM (NONMEM) VERSION 7.4.3
 ORIGINALLY DEVELOPED BY STUART BEAL, LEWIS SHEINER, AND ALISON BOECKMANN
 CURRENT DEVELOPERS ARE ROBERT BAUER, ICON DEVELOPMENT SOLUTIONS,
 AND ALISON BOECKMANN. IMPLEMENTATION, EFFICIENCY, AND STANDARDIZATION
 PERFORMED BY NOUS INFOSYSTEMS.

 PROBLEM NO.:         1
 2 compartment fitting
0DATA CHECKOUT RUN:              NO
 DATA SET LOCATED ON UNIT NO.:    2
 THIS UNIT TO BE REWOUND:        NO
 NO. OF DATA RECS IN DATA SET:     1110
 NO. OF DATA ITEMS IN DATA SET:  15
 ID DATA ITEM IS DATA ITEM NO.:   1
 DEP VARIABLE IS DATA ITEM NO.:   4
 MDV DATA ITEM IS DATA ITEM NO.:  5
0INDICES PASSED TO SUBROUTINE PRED:
   6   2   3   0   0   0   0   0   0   0   0
0LABELS FOR DATA ITEMS:
 ID TIME AMT DV MDV EVID WT AGE SEX BUN SCR OCC CRCL COV1 COV2
0(NONBLANK) LABELS FOR PRED-DEFINED ITEMS:
 REP
0FORMAT FOR DATA:
 (E4.0,2E7.0,E5.0,2E2.0,E7.0,E5.0,E2.0,E6.0,E5.0,E2.0,E7.0,2E6.0)

 TOT. NO. OF OBS RECS:      951
 TOT. NO. OF INDIVIDUALS:       66
0LENGTH OF THETA:   9
0DEFAULT THETA BOUNDARY TEST OMITTED:    NO
0OMEGA HAS BLOCK FORM:
  1
  0  2
  0  0  3
  0  0  0  4
  0  0  0  0  5
  0  0  0  0  0  6
  0  0  0  0  0  0  6
  0  0  0  0  0  0  0  6
  0  0  0  0  0  0  0  0  7
  0  0  0  0  0  0  0  0  0  7
  0  0  0  0  0  0  0  0  0  0  7
0DEFAULT OMEGA BOUNDARY TEST OMITTED:    NO
0SIGMA HAS SIMPLE DIAGONAL FORM WITH DIMENSION:   2
0DEFAULT SIGMA BOUNDARY TEST OMITTED:    NO
0INITIAL ESTIMATE OF THETA:
 LOWER BOUND    INITIAL EST    UPPER BOUND
  0.1000E-02     0.1000E+03     0.1000E+07
  0.1000E-02     0.1000E+02     0.1000E+07
  0.1000E-02     0.2000E+01     0.1000E+07
  0.1000E-02     0.2000E-01     0.1000E+07
  0.1000E-02     0.3000E+00     0.1000E+07
 -0.1000E+01     0.1000E-01     0.1000E+07
 -0.4000E+01     0.1000E+00     0.1000E+07
 -0.4000E+01    -0.2000E+00     0.1000E+07
  0.1000E-02     0.1000E+00     0.1000E+07
0INITIAL ESTIMATE OF OMEGA:
 BLOCK SET NO.   BLOCK                                                                    FIXED
        1                                                                                   NO
                  0.1000E+00
        2                                                                                   NO
                  0.4000E+00
        3                                                                                   NO
                  0.1000E+00
        4                                                                                   NO
                  0.1000E+00
        5                                                                                   NO
                  0.1000E+00
        6                                                                                   NO
                  0.1000E+00
        7                                                                                   NO
                  0.1000E+00
0INITIAL ESTIMATE OF SIGMA:
 0.1000E+00
 0.0000E+00   0.1000E+03
0COVARIANCE STEP OMITTED:        NO
 R MATRIX SUBSTITUTED:          YES
 S MATRIX SUBSTITUTED:           NO
 EIGENVLS. PRINTED:             YES
 COMPRESSED FORMAT:              NO
 GRADIENT METHOD USED:     NOSLOW
 SIGDIGITS ETAHAT (SIGLO):                  -1
 SIGDIGITS GRADIENTS (SIGL):                -1
 EXCLUDE COV FOR FOCE (NOFCOV):              NO
 TURN OFF Cholesky Transposition of R Matrix (CHOLROFF): NO
 KNUTHSUMOFF:                                -1
 RESUME COV ANALYSIS (RESUME):               NO
 SIR SAMPLE SIZE (SIRSAMPLE):              -1
 NON-LINEARLY TRANSFORM THETAS DURING COV (THBND): 1
 PRECONDTIONING CYCLES (PRECOND):        1
 PRECONDTIONING TYPES (PRECONDS):        TOS
 FORCED PRECONDTIONING CYCLES (PFCOND):0
 PRECONDTIONING TYPE (PRETYPE):        0
 FORCED POS. DEFINITE SETTING: (FPOSDEF):0
0TABLES STEP OMITTED:    NO
 NO. OF TABLES:           1
 SEED NUMBER (SEED):    11456
 RANMETHOD:             3U
 MC SAMPLES (ESAMPLE):    300
 WRES SQUARE ROOT TYPE (WRESCHOL): EIGENVALUE
0-- TABLE   1 --
0RECORDS ONLY:    ALL
04 COLUMNS APPENDED:    NO
 PRINTED:                NO
 HEADERS:               ONE
 FILE TO BE FORWARDED:   NO
 FORMAT:                S1PE11.4
 LFORMAT:
 RFORMAT:
 FIXED_EFFECT_ETAS:
0USER-CHOSEN ITEMS:
 REP ID TIME DV EVID
1DOUBLE PRECISION PREDPP VERSION 7.4.3

 TWO COMPARTMENT MODEL WITH FIRST-ORDER ABSORPTION (ADVAN4)
0MAXIMUM NO. OF BASIC PK PARAMETERS:   5
0BASIC PK PARAMETERS (AFTER TRANSLATION):
   BASIC PK PARAMETER NO.  1: ELIMINATION RATE (K)
   BASIC PK PARAMETER NO.  2: CENTRAL-TO-PERIPH. RATE (K23)
   BASIC PK PARAMETER NO.  3: PERIPH.-TO-CENTRAL RATE (K32)
   BASIC PK PARAMETER NO.  5: ABSORPTION RATE (KA)
0COMPARTMENT ATTRIBUTES
 COMPT. NO.   FUNCTION   INITIAL    ON/OFF      DOSE      DEFAULT    DEFAULT
                         STATUS     ALLOWED    ALLOWED    FOR DOSE   FOR OBS.
    1         DEPOT        OFF        YES        YES        YES        NO
    2         CENTRAL      ON         NO         YES        NO         YES
    3         PERIPH.      ON         NO         YES        NO         NO
    4         OUTPUT       OFF        YES        NO         NO         NO
1
 ADDITIONAL PK PARAMETERS - ASSIGNMENT OF ROWS IN GG
 COMPT. NO.                             INDICES
              SCALE      BIOAVAIL.   ZERO-ORDER  ZERO-ORDER  ABSORB
                         FRACTION    RATE        DURATION    LAG
    1            *           *           *           *           6
    2            7           *           *           *           *
    3            *           *           *           *           *
    4            *           -           -           -           -
             - PARAMETER IS NOT ALLOWED FOR THIS MODEL
             * PARAMETER IS NOT SUPPLIED BY PK SUBROUTINE;
               WILL DEFAULT TO ONE IF APPLICABLE
0DATA ITEM INDICES USED BY PRED ARE:
   EVENT ID DATA ITEM IS DATA ITEM NO.:      6
   TIME DATA ITEM IS DATA ITEM NO.:          2
   DOSE AMOUNT DATA ITEM IS DATA ITEM NO.:   3

0PK SUBROUTINE CALLED WITH EVERY EVENT RECORD.
 PK SUBROUTINE NOT CALLED AT NONEVENT (ADDITIONAL OR LAGGED) DOSE TIMES.
0ERROR SUBROUTINE CALLED WITH EVERY EVENT RECORD.
1


 #TBLN:      1
 #METH: First Order Conditional Estimation with Interaction

 ESTIMATION STEP OMITTED:                 NO
 ANALYSIS TYPE:                           POPULATION
 NUMBER OF SADDLE POINT RESET ITERATIONS:      0
 GRADIENT METHOD USED:               NOSLOW
 CONDITIONAL ESTIMATES USED:              YES
 CENTERED ETA:                            NO
 EPS-ETA INTERACTION:                     YES
 LAPLACIAN OBJ. FUNC.:                    NO
 NO. OF FUNCT. EVALS. ALLOWED:            9999
 NO. OF SIG. FIGURES REQUIRED:            3
 INTERMEDIATE PRINTOUT:                   YES
 ESTIMATE OUTPUT TO MSF:                  YES
 IND. OBJ. FUNC. VALUES SORTED:           NO
 NUMERICAL DERIVATIVE
       FILE REQUEST (NUMDER):               NONE
 MAP (ETAHAT) ESTIMATION METHOD (OPTMAP):   0
 ETA HESSIAN EVALUATION METHOD (ETADER):    0
 INITIAL ETA FOR MAP ESTIMATION (MCETA):    0
 SIGDIGITS FOR MAP ESTIMATION (SIGLO):      100
 GRADIENT SIGDIGITS OF
       FIXED EFFECTS PARAMETERS (SIGL):     100
 NOPRIOR SETTING (NOPRIOR):                 OFF
 NOCOV SETTING (NOCOV):                     OFF
 DERCONT SETTING (DERCONT):                 OFF
 FINAL ETA RE-EVALUATION (FNLETA):          ON
 EXCLUDE NON-INFLUENTIAL (NON-INFL.) ETAS
       IN SHRINKAGE (ETASTYPE):             NO
 NON-INFL. ETA CORRECTION (NONINFETA):      OFF
 RAW OUTPUT FILE (FILE): NM_5S070_257.ext
 EXCLUDE TITLE (NOTITLE):                   NO
 EXCLUDE COLUMN LABELS (NOLABEL):           NO
 FORMAT FOR ADDITIONAL FILES (FORMAT):      S1PE12.5
 PARAMETER ORDER FOR OUTPUTS (ORDER):       TSOL
 WISHART PRIOR DF INTERPRETATION (WISHTYPE):0
 KNUTHSUMOFF:                               0
 INCLUDE LNTWOPI:                           NO
 INCLUDE CONSTANT TERM TO PRIOR (PRIORC):   NO
 INCLUDE CONSTANT TERM TO OMEGA (ETA) (OLNTWOPI):NO
 ADDITIONAL CONVERGENCE TEST (CTYPE=4)?:    NO
 EM OR BAYESIAN METHOD USED:                 NONE


 THE FOLLOWING LABELS ARE EQUIVALENT
 PRED=PREDI
 RES=RESI
 WRES=WRESI
 IWRS=IWRESI
 IPRD=IPREDI
 IRS=IRESI

 MONITORING OF SEARCH:


0ITERATION NO.:    0    OBJECTIVE VALUE:   10124.7794901022        NO. OF FUNC. EVALS.:  13
 CUMULATIVE NO. OF FUNC. EVALS.:       13
 NPARAMETR:  1.0000E+02  1.0000E+01  2.0000E+00  2.0000E-02  3.0000E-01  1.0000E-02  1.0000E-01 -2.0000E-01  1.0000E-01  1.0000E-01
             4.0000E-01  1.0000E-01  1.0000E-01  1.0000E-01  1.0000E-01  1.0000E-01  1.0000E-01  1.0000E+02
 PARAMETER:  1.0000E-01  1.0000E-01  1.0000E-01  1.0000E-01  1.0000E-01  1.0000E-01  1.0000E-01  1.0000E-01  1.0000E-01  1.0000E-01
             1.0000E-01  1.0000E-01  1.0000E-01  1.0000E-01  1.0000E-01  1.0000E-01  1.0000E-01  1.0000E-01
 GRADIENT:  -1.0034E+01  8.6016E+00 -9.9207E+02 -4.8993E+01  5.2952E+01  5.6743E+02  4.2301E+01  1.8158E+01 -1.8279E+00 -8.5356E+02
             6.3064E+01  8.3978E-01  2.4859E+00  0.0000E+00 -3.9134E+02  3.8564E+01 -2.8718E+01  9.1382E+00

0ITERATION NO.:   10    OBJECTIVE VALUE:   8857.11175984291        NO. OF FUNC. EVALS.: 142
 CUMULATIVE NO. OF FUNC. EVALS.:      155
 NPARAMETR:  8.9478E+01  6.0093E+00  2.7741E+01  1.6066E-01  5.7738E-02  1.9783E-02 -1.0975E-02 -5.9974E-02  1.3153E-01  1.0104E+00
             1.0269E-01  9.4416E-02  5.6665E-02  1.0000E-01  5.8138E-04  1.0643E-02  5.1986E-02  1.2620E+02
 PARAMETER: -1.1181E-02 -4.0935E-01  2.7302E+00  2.2286E+00 -1.5620E+00  1.0964E-01  7.2560E-02  1.3619E-01  3.7645E-01  1.2565E+00
            -5.7987E-01  7.1271E-02 -1.8401E-01  1.0000E-01 -2.4738E+00 -1.0201E+00 -2.2710E-01  2.1634E-01
 GRADIENT:   7.9778E+01  1.2511E+01  1.6718E+02  1.4012E+02 -1.7748E+02  6.9522E+03 -5.4642E+01 -2.7706E+01 -1.3374E+01 -1.2945E+02
            -8.1889E+01  6.4096E+00  5.7666E+00  0.0000E+00 -3.1879E-01 -1.4644E+01 -1.1132E+01  1.0604E+02

0ITERATION NO.:   20    OBJECTIVE VALUE:   8642.42804884933        NO. OF FUNC. EVALS.: 145
 CUMULATIVE NO. OF FUNC. EVALS.:      300
 NPARAMETR:  8.7204E+01  5.0476E+00  2.3034E+01  2.0563E-01  1.5164E-01  1.3351E-03 -7.2829E-02  1.1690E+00  1.3040E-01  1.1038E+00
             2.9383E-02  1.7322E-02  2.1861E-05  1.0000E-01  4.5613E-04  3.0543E-02  5.1044E-02  4.0205E+01
 PARAMETER: -3.6918E-02 -5.8376E-01  2.5443E+00  2.4768E+00 -5.8554E-01  9.1384E-02  5.6932E-02  4.0768E-01  3.6782E-01  1.3007E+00
            -1.2055E+00 -7.7660E-01 -4.1141E+00  1.0000E-01 -2.5951E+00 -4.9302E-01 -2.3624E-01 -3.5560E-01
 GRADIENT:   6.7156E+01 -3.4875E+01  1.1335E+02 -1.4024E+02  4.1497E+01 -1.2501E+03  2.4186E+02  7.9539E+01 -1.8052E+01  2.9000E+00
            -5.5510E+01 -1.4163E+00  6.5059E-04  0.0000E+00 -3.8366E-01 -3.0323E+01  6.6076E+01  2.8692E+01

0ITERATION NO.:   30    OBJECTIVE VALUE:   8387.67029318735        NO. OF FUNC. EVALS.: 146
 CUMULATIVE NO. OF FUNC. EVALS.:      446
 NPARAMETR:  5.0152E+01  2.7230E+00  9.2144E+00  9.4182E-01  4.1354E-01  3.7147E-03  4.0733E-02  4.1838E-01  1.6651E-01  2.4328E-01
             1.1746E-01  1.8049E-01  1.4166E-01  1.0000E-01  6.8289E-02  2.3808E-02  3.6540E-02  8.9847E+00
 PARAMETER: -5.9012E-01 -1.2011E+00  1.6280E+00  4.0023E+00  4.2188E-01  9.3757E-02  8.5439E-02  2.5077E-01  6.1393E-01  5.4453E-01
            -5.1269E-01  3.9526E-01  2.7414E-01  1.0000E-01 -9.0710E-02 -6.1756E-01 -4.0338E-01 -1.1048E+00
 GRADIENT:   2.0979E+01 -3.2321E+01 -1.4783E+01 -1.1660E+02  1.9478E+02  6.4904E+02  1.4443E+02  6.2856E+01 -2.0728E+01  3.4220E+01
             1.3847E+01 -7.4795E-02  6.8518E+00  0.0000E+00  4.0047E+01 -3.2680E-01  8.7102E+01 -1.4514E+01

0ITERATION NO.:   40    OBJECTIVE VALUE:   8306.27566217702        NO. OF FUNC. EVALS.: 142
 CUMULATIVE NO. OF FUNC. EVALS.:      588
 NPARAMETR:  2.7691E+01  1.6728E+00  9.6462E+00  2.0445E+00  3.9982E-01 -9.9421E-04 -8.4664E-02  2.0842E-01  2.0073E-01  1.5477E-01
             1.1364E-01  2.1969E-01  1.3346E-01  1.0000E-01  3.9805E-02  2.7874E-02  2.7590E-02  1.2724E+01
 PARAMETER: -1.1841E+00 -1.6886E+00  1.6738E+00  4.7780E+00  3.8806E-01  8.9055E-02  5.3914E-02  2.0209E-01  8.0185E-01  3.1838E-01
            -5.2922E-01  4.9352E-01  2.4431E-01  1.0000E-01 -3.6059E-01 -5.3874E-01 -5.4385E-01 -9.3082E-01
 GRADIENT:  -2.2970E+00  9.2508E-01  3.2233E+00 -1.6123E+00 -1.0309E+00 -8.6474E+01  2.2912E+01 -5.5031E+00 -1.0431E+01 -4.8010E+00
             5.4347E-01 -9.2696E-01 -1.0714E+00  0.0000E+00 -1.4573E+00  2.1719E+00  4.5566E-02  1.5426E-01

0ITERATION NO.:   50    OBJECTIVE VALUE:   8298.90549469637        NO. OF FUNC. EVALS.: 296
 CUMULATIVE NO. OF FUNC. EVALS.:      884
 NPARAMETR:  2.2821E+01  1.5212E+00  9.9671E+00  2.6649E+00  4.0194E-01  4.8627E-04 -1.1097E-01  2.4566E-01  2.3495E-01  1.6142E-01
             1.1659E-01  2.0690E-01  1.0817E-01  1.0000E-01  4.0640E-02  2.6532E-02  2.6769E-02  1.2163E+01
 PARAMETER: -1.3775E+00 -1.7836E+00  1.7065E+00  5.0431E+00  3.9336E-01  9.0536E-02  4.7172E-02  2.1090E-01  9.6000E-01  3.3941E-01
            -5.1640E-01  4.6354E-01  1.3927E-01  1.0000E-01 -3.5020E-01 -5.6342E-01 -5.5896E-01 -9.5340E-01
 GRADIENT:   1.4177E-01 -5.1698E-02 -8.1165E-03  6.1324E-02  7.8005E-02  3.9615E+00  2.5988E-01 -4.1271E-02  2.7423E-02 -2.7250E-02
            -1.3393E-01  8.5336E-03  2.7196E-03  0.0000E+00 -1.7313E-02 -3.1480E-02  9.0959E-02  3.6357E-02

0ITERATION NO.:   51    OBJECTIVE VALUE:   8298.90549469637        NO. OF FUNC. EVALS.:  22
 CUMULATIVE NO. OF FUNC. EVALS.:      906
 NPARAMETR:  2.2821E+01  1.5212E+00  9.9671E+00  2.6649E+00  4.0194E-01  4.8627E-04 -1.1097E-01  2.4566E-01  2.3495E-01  1.6142E-01
             1.1659E-01  2.0690E-01  1.0817E-01  1.0000E-01  4.0640E-02  2.6532E-02  2.6769E-02  1.2163E+01
 PARAMETER: -1.3775E+00 -1.7836E+00  1.7065E+00  5.0431E+00  3.9336E-01  9.0536E-02  4.7172E-02  2.1090E-01  9.6000E-01  3.3941E-01
            -5.1640E-01  4.6354E-01  1.3927E-01  1.0000E-01 -3.5020E-01 -5.6342E-01 -5.5896E-01 -9.5340E-01
 GRADIENT:   1.4177E-01 -5.1698E-02 -8.1165E-03  6.1324E-02  7.8005E-02  3.9615E+00  2.5988E-01 -4.1271E-02  2.7423E-02 -2.7250E-02
            -1.3393E-01  8.5336E-03  2.7196E-03  0.0000E+00 -1.7313E-02 -3.1480E-02  9.0959E-02  3.6357E-02

 #TERM:
0MINIMIZATION SUCCESSFUL
 NO. OF FUNCTION EVALUATIONS USED:      906
 NO. OF SIG. DIGITS IN FINAL EST.:  3.1

 ETABAR IS THE ARITHMETIC MEAN OF THE ETA-ESTIMATES,
 AND THE P-VALUE IS GIVEN FOR THE NULL HYPOTHESIS THAT THE TRUE MEAN IS 0.

 ETABAR:         3.2669E-03 -1.0371E-02  2.6706E-02  6.1293E-02  0.0000E+00  4.0482E-02 -1.7415E-02 -2.2245E-02  7.1429E-03  3.7547E-03
                -1.3258E-02
 SE:             4.4866E-02  3.7314E-02  5.1081E-02  3.3256E-02  0.0000E+00  1.4982E-02  1.1219E-02  9.4525E-03  1.0612E-02  2.6617E-03
                 7.0344E-03
 N:                      66          66          66          66          66          66          66          66          66          66
                         66

 P VAL.:         9.4195E-01  7.8105E-01  6.0110E-01  6.5320E-02  1.0000E+00  6.8902E-03  1.2059E-01  1.8605E-02  5.0088E-01  1.5835E-01
                 5.9472E-02

 ETASHRINKSD(%)  8.5817E+00  1.0540E+01  8.0691E+00  1.7225E+01  1.0000E+02  3.9162E+01  5.4443E+01  6.1616E+01  4.6667E+01  8.6623E+01
                 6.4646E+01
 ETASHRINKVR(%)  1.6427E+01  1.9969E+01  1.5487E+01  3.1483E+01  1.0000E+02  6.2988E+01  7.9246E+01  8.5267E+01  7.1556E+01  9.8211E+01
                 8.7501E+01
 EBVSHRINKSD(%)  8.7489E+00  1.1018E+01  1.0442E+01  2.4780E+01  1.0000E+02  4.0411E+01  5.0413E+01  5.9393E+01  4.9851E+01  8.2824E+01
                 6.2188E+01
 EBVSHRINKVR(%)  1.6732E+01  2.0822E+01  1.9794E+01  4.3420E+01  1.0000E+02  6.4491E+01  7.5411E+01  8.3511E+01  7.4851E+01  9.7050E+01
                 8.5703E+01
 EPSSHRINKSD(%)  1.5727E+01  1.5727E+01
 EPSSHRINKVR(%)  2.8980E+01  2.8980E+01

  
 TOTAL DATA POINTS NORMALLY DISTRIBUTED (N):          951
 N*LOG(2PI) CONSTANT TO OBJECTIVE FUNCTION:    1747.8210901552875     
 OBJECTIVE FUNCTION VALUE WITHOUT CONSTANT:    8298.9054946963734     
 OBJECTIVE FUNCTION VALUE WITH CONSTANT:       10046.726584851662     
 REPORTED OBJECTIVE FUNCTION DOES NOT CONTAIN CONSTANT
  
 TOTAL EFFECTIVE ETAS (NIND*NETA):                           564
  
 #TERE:
 Elapsed estimation  time in seconds:    42.58
 TESTING R MATRIX FOR POSITIVE DEFINITNESS
 R MATRIX IS NOT POSITIVE DEFINITE
 PRECONDITIONING CYCLE NO.            1
 Elapsed covariance  time in seconds:    78.16
 Elapsed postprocess time in seconds:     0.09
1
 
 
 
 
 
 
 
 
 
 
 
 
 
 
 
 
 
 
 
 
 ************************************************************************************************************************
 ********************                                                                                ********************
 ********************               FIRST ORDER CONDITIONAL ESTIMATION WITH INTERACTION              ********************
 #OBJT:**************                       MINIMUM VALUE OF OBJECTIVE FUNCTION                      ********************
 ********************                                                                                ********************
 ************************************************************************************************************************
 





 #OBJV:********************************************     8298.905       **************************************************
1
 ************************************************************************************************************************
 ********************                                                                                ********************
 ********************               FIRST ORDER CONDITIONAL ESTIMATION WITH INTERACTION              ********************
 ********************                             FINAL PARAMETER ESTIMATE                           ********************
 ********************                                                                                ********************
 ************************************************************************************************************************
 


 THETA - VECTOR OF FIXED EFFECTS PARAMETERS   *********


         TH 1      TH 2      TH 3      TH 4      TH 5      TH 6      TH 7      TH 8      TH 9     
 
         2.28E+01  1.52E+00  9.97E+00  2.66E+00  4.02E-01  4.86E-04 -1.11E-01  2.46E-01  2.35E-01
 


 OMEGA - COV MATRIX FOR RANDOM EFFECTS - ETAS  ********


         ETA1      ETA2      ETA3      ETA4      ETA5      ETA6      ETA7      ETA8      ETA9      ET10      ET11     
 
 ETA1
+        1.61E-01
 
 ETA2
+        0.00E+00  1.17E-01
 
 ETA3
+        0.00E+00  0.00E+00  2.07E-01
 
 ETA4
+        0.00E+00  0.00E+00  0.00E+00  1.08E-01
 
 ETA5
+        0.00E+00  0.00E+00  0.00E+00  0.00E+00  1.00E-01
 
 ETA6
+        0.00E+00  0.00E+00  0.00E+00  0.00E+00  0.00E+00  4.06E-02
 
 ETA7
+        0.00E+00  0.00E+00  0.00E+00  0.00E+00  0.00E+00  0.00E+00  4.06E-02
 
 ETA8
+        0.00E+00  0.00E+00  0.00E+00  0.00E+00  0.00E+00  0.00E+00  0.00E+00  4.06E-02
 
 ETA9
+        0.00E+00  0.00E+00  0.00E+00  0.00E+00  0.00E+00  0.00E+00  0.00E+00  0.00E+00  2.65E-02
 
 ET10
+        0.00E+00  0.00E+00  0.00E+00  0.00E+00  0.00E+00  0.00E+00  0.00E+00  0.00E+00  0.00E+00  2.65E-02
 
 ET11
+        0.00E+00  0.00E+00  0.00E+00  0.00E+00  0.00E+00  0.00E+00  0.00E+00  0.00E+00  0.00E+00  0.00E+00  2.65E-02
 


 SIGMA - COV MATRIX FOR RANDOM EFFECTS - EPSILONS  ****


         EPS1      EPS2     
 
 EPS1
+        2.68E-02
 
 EPS2
+        0.00E+00  1.22E+01
 
1


 OMEGA - CORR MATRIX FOR RANDOM EFFECTS - ETAS  *******


         ETA1      ETA2      ETA3      ETA4      ETA5      ETA6      ETA7      ETA8      ETA9      ET10      ET11     
 
 ETA1
+        4.02E-01
 
 ETA2
+        0.00E+00  3.41E-01
 
 ETA3
+        0.00E+00  0.00E+00  4.55E-01
 
 ETA4
+        0.00E+00  0.00E+00  0.00E+00  3.29E-01
 
 ETA5
+        0.00E+00  0.00E+00  0.00E+00  0.00E+00  3.16E-01
 
 ETA6
+        0.00E+00  0.00E+00  0.00E+00  0.00E+00  0.00E+00  2.02E-01
 
 ETA7
+        0.00E+00  0.00E+00  0.00E+00  0.00E+00  0.00E+00  0.00E+00  2.02E-01
 
 ETA8
+        0.00E+00  0.00E+00  0.00E+00  0.00E+00  0.00E+00  0.00E+00  0.00E+00  2.02E-01
 
 ETA9
+        0.00E+00  0.00E+00  0.00E+00  0.00E+00  0.00E+00  0.00E+00  0.00E+00  0.00E+00  1.63E-01
 
 ET10
+        0.00E+00  0.00E+00  0.00E+00  0.00E+00  0.00E+00  0.00E+00  0.00E+00  0.00E+00  0.00E+00  1.63E-01
 
 ET11
+        0.00E+00  0.00E+00  0.00E+00  0.00E+00  0.00E+00  0.00E+00  0.00E+00  0.00E+00  0.00E+00  0.00E+00  1.63E-01
 


 SIGMA - CORR MATRIX FOR RANDOM EFFECTS - EPSILONS  ***


         EPS1      EPS2     
 
 EPS1
+        1.64E-01
 
 EPS2
+        0.00E+00  3.49E+00
 
1
 ************************************************************************************************************************
 ********************                                                                                ********************
 ********************               FIRST ORDER CONDITIONAL ESTIMATION WITH INTERACTION              ********************
 ********************                            STANDARD ERROR OF ESTIMATE                          ********************
 ********************                                                                                ********************
 ************************************************************************************************************************
 


 THETA - VECTOR OF FIXED EFFECTS PARAMETERS   *********


         TH 1      TH 2      TH 3      TH 4      TH 5      TH 6      TH 7      TH 8      TH 9     
 
         3.87E+00  2.19E-01  5.45E-01  4.14E-01  2.10E-02  2.68E-03  1.08E-01  1.43E-01  1.89E-02
 


 OMEGA - COV MATRIX FOR RANDOM EFFECTS - ETAS  ********


         ETA1      ETA2      ETA3      ETA4      ETA5      ETA6      ETA7      ETA8      ETA9      ET10      ET11     
 
 ETA1
+        2.13E-01
 
 ETA2
+       .........  4.03E-02
 
 ETA3
+       ......... .........  3.35E-01
 
 ETA4
+       ......... ......... .........  2.66E-01
 
 ETA5
+       ......... ......... ......... .........  1.23E+15
 
 ETA6
+       ......... ......... ......... ......... .........  2.34E-02
 
 ETA7
+       ......... ......... ......... ......... ......... ......... .........
 
 ETA8
+       ......... ......... ......... ......... ......... ......... ......... .........
 
 ETA9
+       ......... ......... ......... ......... ......... ......... ......... .........  9.70E-03
 
 ET10
+       ......... ......... ......... ......... ......... ......... ......... ......... ......... .........
 
 ET11
+       ......... ......... ......... ......... ......... ......... ......... ......... ......... ......... .........
 


 SIGMA - COV MATRIX FOR RANDOM EFFECTS - EPSILONS  ****


         EPS1      EPS2     
 
 EPS1
+        1.83E-03
 
 EPS2
+       .........  4.43E+00
 
1


 OMEGA - CORR MATRIX FOR RANDOM EFFECTS - ETAS  *******


         ETA1      ETA2      ETA3      ETA4      ETA5      ETA6      ETA7      ETA8      ETA9      ET10      ET11     
 
 ETA1
+        2.65E-01
 
 ETA2
+       .........  5.91E-02
 
 ETA3
+       ......... .........  3.68E-01
 
 ETA4
+       ......... ......... .........  4.04E-01
 
 ETA5
+       ......... ......... ......... .........  1.51E+30
 
 ETA6
+       ......... ......... ......... ......... .........  5.80E-02
 
 ETA7
+       ......... ......... ......... ......... ......... ......... .........
 
 ETA8
+       ......... ......... ......... ......... ......... ......... ......... .........
 
 ETA9
+       ......... ......... ......... ......... ......... ......... ......... .........  2.98E-02
 
 ET10
+       ......... ......... ......... ......... ......... ......... ......... ......... ......... .........
 
 ET11
+       ......... ......... ......... ......... ......... ......... ......... ......... ......... ......... .........
 


 SIGMA - CORR MATRIX FOR RANDOM EFFECTS - EPSILONS  ***


         EPS1      EPS2     
 
 EPS1
+        5.59E-03
 
 EPS2
+       .........  6.35E-01
 
1
 ************************************************************************************************************************
 ********************                                                                                ********************
 ********************               FIRST ORDER CONDITIONAL ESTIMATION WITH INTERACTION              ********************
 ********************                          COVARIANCE MATRIX OF ESTIMATE                         ********************
 ********************                                                                                ********************
 ************************************************************************************************************************
 

     TH 1 | TH 1      TH 2 | TH 1      TH 2 | TH 2      TH 3 | TH 1      TH 3 | TH 2      TH 3 | TH 3      TH 4 | TH 1  
       1.50E+01         6.76E-01         4.79E-02        -1.10E-01        -7.30E-03         2.97E-01        -1.46E+00

     TH 4 | TH 2      TH 4 | TH 3      TH 4 | TH 4      TH 5 | TH 1      TH 5 | TH 2      TH 5 | TH 3      TH 5 | TH 4  
      -7.19E-02         1.38E-02         1.72E-01         4.90E-02         3.30E-03        -1.98E-04        -4.22E-03

     TH 5 | TH 5      TH 6 | TH 1      TH 6 | TH 2      TH 6 | TH 3      TH 6 | TH 4      TH 6 | TH 5      TH 6 | TH 6  
       4.42E-04        -1.59E-03        -2.39E-05         2.01E-05         4.17E-05         2.78E-07         7.17E-06

     TH 7 | TH 1      TH 7 | TH 2      TH 7 | TH 3      TH 7 | TH 4      TH 7 | TH 5      TH 7 | TH 6      TH 7 | TH 7  
      -9.23E-02         7.35E-04        -1.08E-04        -1.71E-03         8.48E-06         1.20E-04         1.16E-02

     TH 8 | TH 1      TH 8 | TH 2      TH 8 | TH 3      TH 8 | TH 4      TH 8 | TH 5      TH 8 | TH 6      TH 8 | TH 7  
       4.01E-03         2.13E-04         3.57E-03        -4.50E-04         6.95E-06        -2.17E-07        -8.94E-05

     TH 8 | TH 8      TH 9 | TH 1      TH 9 | TH 2      TH 9 | TH 3      TH 9 | TH 4      TH 9 | TH 5      TH 9 | TH 6  
       2.03E-02        -2.95E-02        -7.80E-04         3.03E-04         4.21E-03         3.21E-05         4.60E-07

     TH 9 | TH 7      TH 9 | TH 8      TH 9 | TH 9    OM0101 | TH 1    OM0101 | TH 2    OM0101 | TH 3    OM0101 | TH 4  
      -3.94E-05        -7.30E-06         3.57E-04         4.84E-01         3.09E-02        -1.09E-02        -5.76E-02

   OM0101 | TH 5    OM0101 | TH 6    OM0101 | TH 7    OM0101 | TH 8    OM0101 | TH 9    OM0101 | OM0101  OM0202 | TH 1  
       1.53E-03        -5.62E-05         1.44E-03         4.03E-04        -9.07E-04         4.54E-02         6.07E-02

   OM0202 | TH 2    OM0202 | TH 3    OM0202 | TH 4    OM0202 | TH 5    OM0202 | TH 6    OM0202 | TH 7    OM0202 | TH 8  
       4.04E-03        -1.72E-03        -7.44E-03         1.69E-04        -8.78E-06         2.11E-04         6.52E-05

   OM0202 | TH 9    OM0202 | OM0101  OM0202 | OM0202  OM0303 | TH 1    OM0303 | TH 2    OM0303 | TH 3    OM0303 | TH 4  
      -1.09E-04         6.32E-03         1.63E-03         7.81E-01         5.01E-02        -1.79E-02        -9.31E-02

   OM0303 | TH 5    OM0303 | TH 6    OM0303 | TH 7    OM0303 | TH 8    OM0303 | TH 9    OM0303 | OM0101  OM0303 | OM0202
       2.50E-03        -9.18E-05         2.34E-03         5.67E-04        -1.46E-03         6.96E-02         9.99E-03

   OM0303 | OM0303  OM0404 | TH 1    OM0404 | TH 2    OM0404 | TH 3    OM0404 | TH 4    OM0404 | TH 5    OM0404 | TH 6  
       1.12E-01         6.27E-01         3.93E-02        -1.40E-02        -7.50E-02         1.93E-03        -7.09E-05

   OM0404 | TH 7    OM0404 | TH 8    OM0404 | TH 9    OM0404 | OM0101  OM0404 | OM0202  OM0404 | OM0303  OM0404 | OM0404
       1.80E-03         4.37E-04        -1.33E-03         5.57E-02         7.94E-03         8.78E-02         7.08E-02

   OM0505 | TH 1    OM0505 | TH 2    OM0505 | TH 3    OM0505 | TH 4    OM0505 | TH 5    OM0505 | TH 6    OM0505 | TH 7  
      -2.83E+15        -1.81E+14         6.50E+13         3.37E+14        -9.07E+12         3.30E+11        -8.36E+12

   OM0505 | TH 8    OM0505 | TH 9    OM0505 | OM0101  OM0505 | OM0202  OM0505 | OM0303  OM0505 | OM0404  OM0505 | OM0505
      -1.99E+12         5.29E+12        -2.58E+14        -3.68E+13        -4.06E+14        -3.25E+14         1.51E+30

   OM0606 | TH 1    OM0606 | TH 2    OM0606 | TH 3    OM0606 | TH 4    OM0606 | TH 5    OM0606 | TH 6    OM0606 | TH 7  
      -4.67E-02        -2.97E-03         8.19E-04         5.57E-03        -1.47E-04         5.35E-06        -1.43E-04

   OM0606 | TH 8    OM0606 | TH 9    OM0606 | OM0101  OM0606 | OM0202  OM0606 | OM0303  OM0606 | OM0404  OM0606 | OM0505
      -2.94E-05         9.08E-05        -4.33E-03        -6.15E-04        -6.71E-03        -5.37E-03         2.49E+13

   OM0606 | OM0606  OM0909 | TH 1    OM0909 | TH 2    OM0909 | TH 3    OM0909 | TH 4    OM0909 | TH 5    OM0909 | TH 6  
       5.47E-04        -1.72E-03        -1.41E-04         1.35E-04         2.44E-04        -9.78E-06         2.74E-07

   OM0909 | TH 7    OM0909 | TH 8    OM0909 | TH 9    OM0909 | OM0101  OM0909 | OM0202  OM0909 | OM0303  OM0909 | OM0404
       3.97E-06        -5.10E-06         2.45E-06        -1.55E-04        -9.19E-05        -2.45E-04        -1.97E-04

   OM0909 | OM0505  OM0909 | OM0606  OM0909 | OM0909  SG0101 | TH 1    SG0101 | TH 2    SG0101 | TH 3    SG0101 | TH 4  
       9.24E+11         8.60E-06         9.40E-05         5.03E-04        -5.71E-07         1.56E-05        -6.79E-05

   SG0101 | TH 5    SG0101 | TH 6    SG0101 | TH 7    SG0101 | TH 8    SG0101 | TH 9    SG0101 | OM0101  SG0101 | OM0202
      -2.27E-06         3.24E-08         1.19E-06        -2.27E-06        -5.30E-06         1.15E-05        -2.21E-08

   SG0101 | OM0303  SG0101 | OM0404  SG0101 | OM0505  SG0101 | OM0606  SG0101 | OM0909  SG0101 | SG0101  SG0202 | TH 1  
       5.92E-06         1.17E-05        -6.59E+10        -4.21E-06         1.41E-07         3.35E-06         1.43E+00

   SG0202 | TH 2    SG0202 | TH 3    SG0202 | TH 4    SG0202 | TH 5    SG0202 | TH 6    SG0202 | TH 7    SG0202 | TH 8  
       6.72E-02         6.29E-02        -1.48E-01         1.06E-02         7.16E-05        -7.53E-03         8.66E-04

   SG0202 | TH 9    SG0202 | OM0101  SG0202 | OM0202  SG0202 | OM0303  SG0202 | OM0404  SG0202 | OM0505  SG0202 | OM0606
      -9.78E-04         3.88E-02         1.98E-03         3.01E-02         3.99E-02        -2.16E+14        -4.39E-04

   SG0202 | OM0909  SG0202 | SG0101  SG0202 | SG0202  
      -3.33E-03        -2.15E-03         1.96E+01
1
 ************************************************************************************************************************
 ********************                                                                                ********************
 ********************               FIRST ORDER CONDITIONAL ESTIMATION WITH INTERACTION              ********************
 ********************                          CORRELATION MATRIX OF ESTIMATE                        ********************
 ********************                                                                                ********************
 ************************************************************************************************************************
 

     TH 1 | TH 1      TH 2 | TH 1      TH 2 | TH 2      TH 3 | TH 1      TH 3 | TH 2      TH 3 | TH 3      TH 4 | TH 1  
       3.87E+00         7.97E-01         2.19E-01        -5.22E-02        -6.12E-02         5.45E-01        -9.07E-01

     TH 4 | TH 2      TH 4 | TH 3      TH 4 | TH 4      TH 5 | TH 1      TH 5 | TH 2      TH 5 | TH 3      TH 5 | TH 4  
      -7.93E-01         6.13E-02         4.14E-01         6.02E-01         7.17E-01        -1.73E-02        -4.84E-01

     TH 5 | TH 5      TH 6 | TH 1      TH 6 | TH 2      TH 6 | TH 3      TH 6 | TH 4      TH 6 | TH 5      TH 6 | TH 6  
       2.10E-02        -1.53E-01        -4.08E-02         1.38E-02         3.76E-02         4.93E-03         2.68E-03

     TH 7 | TH 1      TH 7 | TH 2      TH 7 | TH 3      TH 7 | TH 4      TH 7 | TH 5      TH 7 | TH 6      TH 7 | TH 7  
      -2.21E-01         3.12E-02        -1.85E-03        -3.83E-02         3.74E-03         4.17E-01         1.08E-01

     TH 8 | TH 1      TH 8 | TH 2      TH 8 | TH 3      TH 8 | TH 4      TH 8 | TH 5      TH 8 | TH 6      TH 8 | TH 7  
       7.26E-03         6.84E-03         4.60E-02        -7.62E-03         2.32E-03        -5.69E-04        -5.82E-03

     TH 8 | TH 8      TH 9 | TH 1      TH 9 | TH 2      TH 9 | TH 3      TH 9 | TH 4      TH 9 | TH 5      TH 9 | TH 6  
       1.43E-01        -4.03E-01        -1.88E-01         2.94E-02         5.37E-01         8.08E-02         9.10E-03

     TH 9 | TH 7      TH 9 | TH 8      TH 9 | TH 9    OM0101 | TH 1    OM0101 | TH 2    OM0101 | TH 3    OM0101 | TH 4  
      -1.94E-02        -2.71E-03         1.89E-02         5.86E-01         6.63E-01        -9.41E-02        -6.53E-01

   OM0101 | TH 5    OM0101 | TH 6    OM0101 | TH 7    OM0101 | TH 8    OM0101 | TH 9    OM0101 | OM0101  OM0202 | TH 1  
       3.42E-01        -9.84E-02         6.28E-02         1.33E-02        -2.25E-01         2.13E-01         3.88E-01

   OM0202 | TH 2    OM0202 | TH 3    OM0202 | TH 4    OM0202 | TH 5    OM0202 | TH 6    OM0202 | TH 7    OM0202 | TH 8  
       4.58E-01        -7.81E-02        -4.45E-01         2.00E-01        -8.12E-02         4.85E-02         1.13E-02

   OM0202 | TH 9    OM0202 | OM0101  OM0202 | OM0202  OM0303 | TH 1    OM0303 | TH 2    OM0303 | TH 3    OM0303 | TH 4  
      -1.43E-01         7.35E-01         4.03E-02         6.03E-01         6.85E-01        -9.80E-02        -6.71E-01

   OM0303 | TH 5    OM0303 | TH 6    OM0303 | TH 7    OM0303 | TH 8    OM0303 | TH 9    OM0303 | OM0101  OM0303 | OM0202
       3.56E-01        -1.02E-01         6.49E-02         1.19E-02        -2.31E-01         9.76E-01         7.40E-01

   OM0303 | OM0303  OM0404 | TH 1    OM0404 | TH 2    OM0404 | TH 3    OM0404 | TH 4    OM0404 | TH 5    OM0404 | TH 6  
       3.35E-01         6.08E-01         6.75E-01        -9.69E-02        -6.81E-01         3.46E-01        -9.96E-02

   OM0404 | TH 7    OM0404 | TH 8    OM0404 | TH 9    OM0404 | OM0101  OM0404 | OM0202  OM0404 | OM0303  OM0404 | OM0404
       6.27E-02         1.15E-02        -2.65E-01         9.82E-01         7.40E-01         9.87E-01         2.66E-01

   OM0505 | TH 1    OM0505 | TH 2    OM0505 | TH 3    OM0505 | TH 4    OM0505 | TH 5    OM0505 | TH 6    OM0505 | TH 7  
      -5.94E-01        -6.73E-01         9.70E-02         6.62E-01        -3.51E-01         1.00E-01        -6.32E-02

   OM0505 | TH 8    OM0505 | TH 9    OM0505 | OM0101  OM0505 | OM0202  OM0505 | OM0303  OM0505 | OM0404  OM0505 | OM0505
      -1.14E-02         2.28E-01        -9.88E-01        -7.43E-01        -9.88E-01        -9.94E-01         1.23E+15

   OM0606 | TH 1    OM0606 | TH 2    OM0606 | TH 3    OM0606 | TH 4    OM0606 | TH 5    OM0606 | TH 6    OM0606 | TH 7  
      -5.16E-01        -5.80E-01         6.42E-02         5.75E-01        -2.98E-01         8.54E-02        -5.67E-02

   OM0606 | TH 8    OM0606 | TH 9    OM0606 | OM0101  OM0606 | OM0202  OM0606 | OM0303  OM0606 | OM0404  OM0606 | OM0505
      -8.82E-03         2.06E-01        -8.69E-01        -6.52E-01        -8.57E-01        -8.63E-01         8.68E-01

   OM0606 | OM0606  OM0909 | TH 1    OM0909 | TH 2    OM0909 | TH 3    OM0909 | TH 4    OM0909 | TH 5    OM0909 | TH 6  
       2.34E-02        -4.58E-02        -6.64E-02         2.55E-02         6.06E-02        -4.80E-02         1.06E-02

   OM0909 | TH 7    OM0909 | TH 8    OM0909 | TH 9    OM0909 | OM0101  OM0909 | OM0202  OM0909 | OM0303  OM0909 | OM0404
       3.81E-03        -3.69E-03         1.34E-02        -7.51E-02        -2.35E-01        -7.55E-02        -7.66E-02

   OM0909 | OM0505  OM0909 | OM0606  OM0909 | OM0909  SG0101 | TH 1    SG0101 | TH 2    SG0101 | TH 3    SG0101 | TH 4  
       7.76E-02         3.79E-02         9.70E-03         7.09E-02        -1.43E-03         1.56E-02        -8.95E-02

   SG0101 | TH 5    SG0101 | TH 6    SG0101 | TH 7    SG0101 | TH 8    SG0101 | TH 9    SG0101 | OM0101  SG0101 | OM0202
      -5.91E-02         6.61E-03         6.04E-03        -8.71E-03        -1.53E-01         2.95E-02        -2.99E-04

   SG0101 | OM0303  SG0101 | OM0404  SG0101 | OM0505  SG0101 | OM0606  SG0101 | OM0909  SG0101 | SG0101  SG0202 | TH 1  
       9.67E-03         2.41E-02        -2.93E-02        -9.84E-02         7.94E-03         1.83E-03         8.31E-02

   SG0202 | TH 2    SG0202 | TH 3    SG0202 | TH 4    SG0202 | TH 5    SG0202 | TH 6    SG0202 | TH 7    SG0202 | TH 8  
       6.94E-02         2.61E-02        -8.07E-02         1.14E-01         6.04E-03        -1.58E-02         1.37E-03

   SG0202 | TH 9    SG0202 | OM0101  SG0202 | OM0202  SG0202 | OM0303  SG0202 | OM0404  SG0202 | OM0505  SG0202 | OM0606
      -1.17E-02         4.12E-02         1.11E-02         2.03E-02         3.39E-02        -3.98E-02        -4.24E-03

   SG0202 | OM0909  SG0202 | SG0101  SG0202 | SG0202  
      -7.76E-02        -2.65E-01         4.43E+00
1
 ************************************************************************************************************************
 ********************                                                                                ********************
 ********************               FIRST ORDER CONDITIONAL ESTIMATION WITH INTERACTION              ********************
 ********************                      INVERSE COVARIANCE MATRIX OF ESTIMATE                     ********************
 ********************                                                                                ********************
 ************************************************************************************************************************
 

     TH 1 | TH 1      TH 2 | TH 1      TH 2 | TH 2      TH 3 | TH 1      TH 3 | TH 2      TH 3 | TH 3      TH 4 | TH 1  
       8.62E-01        -6.51E-01         1.14E+02        -2.05E-03         1.32E-01         3.42E+00         6.61E+00

     TH 4 | TH 2      TH 4 | TH 3      TH 4 | TH 4      TH 5 | TH 1      TH 5 | TH 2      TH 5 | TH 3      TH 5 | TH 4  
       2.65E+01         6.52E-03         8.07E+01        -2.92E+01        -4.22E+02        -2.00E+00        -1.96E+02

     TH 5 | TH 5      TH 6 | TH 1      TH 6 | TH 2      TH 6 | TH 3      TH 6 | TH 4      TH 6 | TH 5      TH 6 | TH 6  
       6.56E+03         2.82E+01        -3.11E+01        -2.97E-01         2.49E+02        -1.99E+03         1.74E+05

     TH 7 | TH 1      TH 7 | TH 2      TH 7 | TH 3      TH 7 | TH 4      TH 7 | TH 5      TH 7 | TH 6      TH 7 | TH 7  
       7.55E+00        -4.85E+00        -1.08E-01         5.78E+01        -2.38E+02        -1.59E+03         1.72E+02

     TH 8 | TH 1      TH 8 | TH 2      TH 8 | TH 3      TH 8 | TH 4      TH 8 | TH 5      TH 8 | TH 6      TH 8 | TH 7  
       1.67E-02         6.94E-02        -6.21E-01         1.90E-01         3.92E-01        -1.11E+01         7.22E-01

     TH 8 | TH 8      TH 9 | TH 1      TH 9 | TH 2      TH 9 | TH 3      TH 9 | TH 4      TH 9 | TH 5      TH 9 | TH 6  
       4.93E+01        -4.32E+00        -1.33E+02        -1.17E+00        -2.74E+02        -1.34E+03         4.06E+01

     TH 9 | TH 7      TH 9 | TH 8      TH 9 | TH 9    OM0101 | TH 1    OM0101 | TH 2    OM0101 | TH 3    OM0101 | TH 4  
      -3.88E+01         3.31E-02         5.83E+03        -4.47E-01        -1.94E+00        -2.31E-01        -2.30E+00

   OM0101 | TH 5    OM0101 | TH 6    OM0101 | TH 7    OM0101 | TH 8    OM0101 | TH 9    OM0101 | OM0101  OM0202 | TH 1  
       8.27E+01        -5.94E+01        -4.10E+00        -2.80E+00        -1.92E+01         9.13E+02        -9.40E-02

   OM0202 | TH 2    OM0202 | TH 3    OM0202 | TH 4    OM0202 | TH 5    OM0202 | TH 6    OM0202 | TH 7    OM0202 | TH 8  
       7.86E-01         1.32E-01        -8.35E+00         1.85E+02         2.45E+01        -1.59E+00        -8.39E-01

   OM0202 | TH 9    OM0202 | OM0101  OM0202 | OM0202  OM0303 | TH 1    OM0303 | TH 2    OM0303 | TH 3    OM0303 | TH 4  
      -6.04E+01        -8.82E+00         1.51E+03         2.90E-01        -2.48E+01         2.44E-01         9.27E+00

   OM0303 | TH 5    OM0303 | TH 6    OM0303 | TH 7    OM0303 | TH 8    OM0303 | TH 9    OM0303 | OM0101  OM0303 | OM0202
       9.47E+01         3.27E+02        -4.13E+00        -4.94E-01        -1.16E+02         4.60E+00        -5.10E+01

   OM0303 | OM0303  OM0404 | TH 1    OM0404 | TH 2    OM0404 | TH 3    OM0404 | TH 4    OM0404 | TH 5    OM0404 | TH 6  
       4.48E+02        -3.19E-01         2.00E+01        -3.74E-01         1.90E+01        -2.08E+00        -5.75E+01

   OM0404 | TH 7    OM0404 | TH 8    OM0404 | TH 9    OM0404 | OM0101  OM0404 | OM0202  OM0404 | OM0303  OM0404 | OM0404
       6.03E-01         2.85E-02         7.48E+02         1.18E+00        -2.44E+01        -1.71E+02         1.59E+03

   OM0505 | TH 1    OM0505 | TH 2    OM0505 | TH 3    OM0505 | TH 4    OM0505 | TH 5    OM0505 | TH 6    OM0505 | TH 7  
      -1.31E-16         1.80E-15        -2.98E-16         3.56E-15         2.41E-14         8.25E-17        -1.05E-15

   OM0505 | TH 8    OM0505 | TH 9    OM0505 | OM0101  OM0505 | OM0202  OM0505 | OM0303  OM0505 | OM0404  OM0505 | OM0505
      -4.82E-16         1.34E-13         1.51E-13         1.67E-14         7.99E-14         2.91E-13         1.11E-28

   OM0606 | TH 1    OM0606 | TH 2    OM0606 | TH 3    OM0606 | TH 4    OM0606 | TH 5    OM0606 | TH 6    OM0606 | TH 7  
       9.71E-02         3.78E-01         6.02E+00         5.97E+00         6.38E+01         3.70E+01         1.97E+00

   OM0606 | TH 8    OM0606 | TH 9    OM0606 | OM0101  OM0606 | OM0202  OM0606 | OM0303  OM0606 | OM0404  OM0606 | OM0505
      -2.83E+00        -2.15E+01         4.10E+02         1.33E+02         8.31E+00         2.63E+01        -4.88E-14

   OM0606 | OM0606  OM0909 | TH 1    OM0909 | TH 2    OM0909 | TH 3    OM0909 | TH 4    OM0909 | TH 5    OM0909 | TH 6  
       7.81E+03        -4.92E+00         1.17E+01        -3.52E+00        -4.28E+01         3.42E+02        -1.95E+02

   OM0909 | TH 7    OM0909 | TH 8    OM0909 | TH 9    OM0909 | OM0101  OM0909 | OM0202  OM0909 | OM0303  OM0909 | OM0404
      -4.97E+01         1.98E+00         1.05E+01        -8.84E+00         1.16E+03        -3.73E+01        -1.27E+01

   OM0909 | OM0505  OM0909 | OM0606  OM0909 | OM0909  SG0101 | TH 1    SG0101 | TH 2    SG0101 | TH 3    SG0101 | TH 4  
       7.38E-16         6.09E+02         1.17E+04        -2.26E+01         2.54E+02        -2.57E+01         1.59E+02

   SG0101 | TH 5    SG0101 | TH 6    SG0101 | TH 7    SG0101 | TH 8    SG0101 | TH 9    SG0101 | OM0101  SG0101 | OM0202
       2.01E+03        -2.23E+03        -1.78E+02         3.87E+01         3.86E+03         2.96E+02         7.26E+02

   SG0101 | OM0303  SG0101 | OM0404  SG0101 | OM0505  SG0101 | OM0606  SG0101 | OM0909  SG0101 | SG0101  SG0202 | TH 1  
       1.91E+03         2.53E+03         9.83E-13         7.16E+03         1.88E+03         3.55E+05         4.16E-03

   SG0202 | TH 2    SG0202 | TH 3    SG0202 | TH 4    SG0202 | TH 5    SG0202 | TH 6    SG0202 | TH 7    SG0202 | TH 8  
       1.26E-01        -1.60E-02         1.53E-01        -1.37E+00        -7.80E-01         7.72E-02         5.44E-03

   SG0202 | TH 9    SG0202 | OM0101  SG0202 | OM0202  SG0202 | OM0303  SG0202 | OM0404  SG0202 | OM0505  SG0202 | OM0606
       3.03E-01        -1.37E-01         2.93E-01         8.13E-01         6.50E-01         3.39E-16        -3.83E-01

   SG0202 | OM0909  SG0202 | SG0101  SG0202 | SG0202  
       2.00E+00         4.26E+01         5.87E-02
1
 
 
 
 
 
 
 
 
 
 
 
 
 
 
 
 
 
 
 
 
 ************************************************************************************************************************
 ********************                                                                                ********************
 ********************               FIRST ORDER CONDITIONAL ESTIMATION WITH INTERACTION              ********************
 ********************                      EIGENVALUES OF COR MATRIX OF ESTIMATE                     ********************
 ********************                                                                                ********************
 ************************************************************************************************************************
 

             1         2         3         4         5         6         7         8         9        10        11        12
             13        14        15        16        17        18
 
         4.07E-03  1.23E-02  2.32E-02  3.95E-02  1.42E-01  1.88E-01  2.50E-01  3.40E-01  5.68E-01  6.94E-01  9.49E-01  1.00E+00
          1.04E+00  1.09E+00  1.38E+00  1.42E+00  1.60E+00  7.26E+00
 
 Elapsed finaloutput time in seconds:     0.41
1
 PROBLEM NO.:         2
 SIMULATION FOR CMAX
0DATA CHECKOUT RUN:              NO
 DATA SET LOCATED ON UNIT NO.:    2
 THIS UNIT TO BE REWOUND:        NO
 NO. OF DATA RECS IN DATA SET:     1110
 NO. OF DATA ITEMS IN DATA SET:  15
 ID DATA ITEM IS DATA ITEM NO.:   1
 DEP VARIABLE IS DATA ITEM NO.:   4
 MDV DATA ITEM IS DATA ITEM NO.:  5
0INDICES PASSED TO SUBROUTINE PRED:
   6   2   3   0   0   0   0   0   0   0   0
0LABELS FOR DATA ITEMS:
 ID TIME AMT DV MDV EVID WT AGE SEX BUN SCR OCC CRCL COV1 COV2
0(NONBLANK) LABELS FOR PRED-DEFINED ITEMS:
 REP IOBS
0FORMAT FOR DATA:
 (E4.0,2E7.0,E5.0,2E2.0,E7.0,E5.0,E2.0,E6.0,E5.0,E2.0,E7.0,2E6.0)

 TOT. NO. OF OBS RECS:      951
 TOT. NO. OF INDIVIDUALS:       66
0MODEL SPECIFICATION FILE INPUT
 EST. RESCALED:   NO
0SIMULATION STEP OMITTED:    NO
 OBJ FUNC EVALUATED:         NO
 ORIGINAL DATA USED ON EACH NEW SIMULATION:         NO
 SEEDS RESET ON EACH NEW SUPERSET ITERATION:        YES
 SIMULATE WITH
   INITIAL ESTIMATE:        YES
   FINAL ESTIMATE:           NO
   PRIOR ROUTINE VAL.:       NO
0SIMULATION RANDOM METHOD SELECTED (RANMETHOD): 4U
SEED   1 RESET TO INITIAL: YES
 SOURCE   1:
   SEED1:             1   SEED2:             0   PSEUDO-NORMAL
0TABLES STEP OMITTED:    NO
 NO. OF TABLES:           1
 SEED NUMBER (SEED):    11456
 RANMETHOD:             3U
 MC SAMPLES (ESAMPLE):    300
 WRES SQUARE ROOT TYPE (WRESCHOL): EIGENVALUE
0-- TABLE   1 --
0RECORDS ONLY:    ALL
04 COLUMNS APPENDED:    NO
 PRINTED:                NO
 HEADERS:               ONE
 FILE TO BE FORWARDED:   NO
 FORMAT:                S1PE11.4
 LFORMAT:
 RFORMAT:
 FIXED_EFFECT_ETAS:
0USER-CHOSEN ITEMS:
 REP ID TIME IOBS EVID
1
 ADDITIONAL PK PARAMETERS - ASSIGNMENT OF ROWS IN GG
 COMPT. NO.                             INDICES
              SCALE      BIOAVAIL.   ZERO-ORDER  ZERO-ORDER  ABSORB
                         FRACTION    RATE        DURATION    LAG
    1            *           *           *           *           6
    2            7           *           *           *           *
    3            *           *           *           *           *
    4            *           -           -           -           -
             - PARAMETER IS NOT ALLOWED FOR THIS MODEL
             * PARAMETER IS NOT SUPPLIED BY PK SUBROUTINE;
               WILL DEFAULT TO ONE IF APPLICABLE
0DATA ITEM INDICES USED BY PRED ARE:
   EVENT ID DATA ITEM IS DATA ITEM NO.:      6
   TIME DATA ITEM IS DATA ITEM NO.:          2
   DOSE AMOUNT DATA ITEM IS DATA ITEM NO.:   3

0PK SUBROUTINE CALLED WITH EVERY EVENT RECORD.
 PK SUBROUTINE NOT CALLED AT NONEVENT (ADDITIONAL OR LAGGED) DOSE TIMES.
0ERROR SUBROUTINE CALLED WITH EVERY EVENT RECORD.
1
 SIMULATION STEP PERFORMED
 SOURCE  1:
    SEED1:     418205452   SEED2:             0
 Elapsed simulation  time in seconds:     0.02
 ESTIMATION STEP OMITTED:                 YES
 Elapsed finaloutput time in seconds:     0.08
 #CPUT: Total CPU Time in Seconds,      105.313
Stop Time: 
Thu 08/04/2022 
12:14 AM
Post run Python code Penalty = 8.991082912616148
Post run Python code text = Observed day 1 Cmax geo mean = 508.7, simulated day 1 Cmax geo mean = 520.1
OFV = 8298.905494696373
success = True
covariance = True
correlation = True
Condition # = 1785.0292316222221
Num Non fixed THETAs = 9
Num Non fixed OMEGAs = 7
Num Non fixed SIGMAs = 2
Original run directory = C:\workspace\ffe\Example6\temp\5S070\257
