Wed 21 Dec 2022 07:07:30 AM PST
$PROBLEM    2 compartment fitting
$INPUT       ID TIME AMT DROP DV MDV EVID WT AGE SEX BUN SCR OCC CRCL COV1 COV2

$DATA      /home/CertaraUser/Desktop/FDA-OGD-ML/examples/user/Example5/dataWithPeriod.csv IGNORE=@

$SUBROUTINE ADVAN4 ;; advan4
$PK
  CWTKGONE = WT/81  ;; WEIGHT CENTERED ON ONE
  CWTKGZERO = WT-81 ;; WEIGHT CENTERED ON ZERO
  CAGE = AGE/60     ;; AGE CENTERED ON ONE
  CCRCL = CRCL/85.6 ;; CRCL CENTERD ON ONE
  CCOV1 = COV1-15.4 ;; COVARIATE 1 CENTERED ON ZERO
  IF(OCC.EQ.1) IOVV = ETA(4) 
  IF(OCC.EQ.2) IOVV = ETA(5) 
  IF(OCC.EQ.3) IOVV = ETA(6)
  TVV2=THETA(1)    *EXP(COV2*THETA(6))  *EXP(IOVV)
  V2=TVV2*EXP(ETA(2))
  IOVCL = 0
  TVCL= THETA(3)     *EXP(IOVCL)
  CL=TVCL*EXP(ETA(1))

  K=CL/V2
  K23=THETA(4)
  K32=THETA(5)
  ALAG1=THETA(7)
  ;; No D1
  TVKA=THETA(2)
  KA=TVKA  *EXP(ETA(3)) 
  S2 = V2
$ERROR
  REP = IREP
  IPRED =F
  IOBS = F *EXP(EPS(1))+EPS(2)
  Y=IOBS
$THETA
  (0.001,100) 	; THETA(1) V  UNITS = L
  (0.001, 10) 	; THETA(2) KA UNITS = 1/HR
  (0.001,20)	; THETA(3) CL UNITS =  L/HR
  (0.001,0.02)  	 ; THETA(4) K23 
  (0.001,0.3) 	 ; THETA(5) K32 
  ; init for K23~WT 



  (-4,0.1) 	; THETA(6) EXPONENTIAL volume ~COV2 




  (0.001,0.1) 	; THETA(7) ALAG1   
$OMEGA
  0.1  		; ETA(1) CLEARANCE
  0.4  		; ETA(2) VOLUME
$OMEGA ;; 2nd OMEGA block 
  0.1		; ETA(3) ETA ON KA

  ;; no iov ON CL
$OMEGA BLOCK(1) ; ETA(4)
  0.1 
$OMEGA BLOCK SAME ; ETA(5)
$OMEGA BLOCK SAME ; ETA(6)
$SIGMA
  0.1 	; EPS(1) proportional error
  100 	; EPS(2) additive error

$EST METHOD=COND INTER MAX = 9999 MSFO=MSF1 PRINT = 10
$COV UNCOND PRINT=E  PRECOND=1 PRECONDS=TOS  MATRIX = R

;; Phenotype 
;; OrderedDict([('ADVAN', 1), ('K23~WT', 0), ('KAETA', 1), ('V2~WT', 0), ('V2~AGE', 0), ('V2~SEX', 0), ('V2~COV2', 1), ('CL~WT', 0), ('CL~AGE', 0), ('CL~CRCL', 0), ('CL~COV1', 0), ('IOVCL', 1), ('IOVV', 0), ('INITCL', 1), ('ETAD1LAG', 0), ('D1LAG', 0), ('RESERR', 0)])
;; Genotype 
;; [1, 0, 1, 0, 0, 0, 1, 0, 0, 0, 0, 1, 0, 1, 0, 0, 0]
;; Num non-influential tokens = 0
NM-TRAN MESSAGES
  
 WARNINGS AND ERRORS (IF ANY) FOR PROBLEM    1
             
 (WARNING  2) NM-TRAN INFERS THAT THE DATA ARE POPULATION.
             
 (WARNING  3) THERE MAY BE AN ERROR IN THE ABBREVIATED CODE. THE FOLLOWING
 ONE OR MORE RANDOM VARIABLES ARE DEFINED WITH "IF" STATEMENTS THAT DO NOT
 PROVIDE DEFINITIONS FOR BOTH THE "THEN" AND "ELSE" CASES. IF ALL
 CONDITIONS FAIL, THE VALUES OF THESE VARIABLES WILL BE ZERO.
  
   IOVV

  
Note: Analytical 2nd Derivatives are constructed in FSUBS but are never used.
      You may insert $ABBR DERIV2=NO after the first $PROB to save FSUBS construction and compilation time
  

License Registered to: Certara USA
Expiration Date:    14 MAR 2023
Current Date:       21 DEC 2022
Days until program expires :  88
1NONLINEAR MIXED EFFECTS MODEL PROGRAM (NONMEM) VERSION 7.5.1
 ORIGINALLY DEVELOPED BY STUART BEAL, LEWIS SHEINER, AND ALISON BOECKMANN
 CURRENT DEVELOPERS ARE ROBERT BAUER, ICON DEVELOPMENT SOLUTIONS,
 AND ALISON BOECKMANN. IMPLEMENTATION, EFFICIENCY, AND STANDARDIZATION
 PERFORMED BY NOUS INFOSYSTEMS.

 PROBLEM NO.:         1
 2 compartment fitting
0DATA CHECKOUT RUN:              NO
 DATA SET LOCATED ON UNIT NO.:    2
 THIS UNIT TO BE REWOUND:        NO
 NO. OF DATA RECS IN DATA SET:     1110
 NO. OF DATA ITEMS IN DATA SET:  15
 ID DATA ITEM IS DATA ITEM NO.:   1
 DEP VARIABLE IS DATA ITEM NO.:   4
 MDV DATA ITEM IS DATA ITEM NO.:  5
0INDICES PASSED TO SUBROUTINE PRED:
   6   2   3   0   0   0   0   0   0   0   0
0LABELS FOR DATA ITEMS:
 ID TIME AMT DV MDV EVID WT AGE SEX BUN SCR OCC CRCL COV1 COV2
0FORMAT FOR DATA:
 (1(8E9.0/),7E9.0)

 TOT. NO. OF OBS RECS:      951
 TOT. NO. OF INDIVIDUALS:       66
0LENGTH OF THETA:   7
0DEFAULT THETA BOUNDARY TEST OMITTED:    NO
0OMEGA HAS BLOCK FORM:
  1
  0  2
  0  0  3
  0  0  0  4
  0  0  0  0  4
  0  0  0  0  0  4
0DEFAULT OMEGA BOUNDARY TEST OMITTED:    NO
0SIGMA HAS SIMPLE DIAGONAL FORM WITH DIMENSION:   2
0DEFAULT SIGMA BOUNDARY TEST OMITTED:    NO
0INITIAL ESTIMATE OF THETA:
 LOWER BOUND    INITIAL EST    UPPER BOUND
  0.1000E-02     0.1000E+03     0.1000E+07
  0.1000E-02     0.1000E+02     0.1000E+07
  0.1000E-02     0.2000E+02     0.1000E+07
  0.1000E-02     0.2000E-01     0.1000E+07
  0.1000E-02     0.3000E+00     0.1000E+07
 -0.4000E+01     0.1000E+00     0.1000E+07
  0.1000E-02     0.1000E+00     0.1000E+07
0INITIAL ESTIMATE OF OMEGA:
 BLOCK SET NO.   BLOCK                                                                    FIXED
        1                                                                                   NO
                  0.1000E+00
        2                                                                                   NO
                  0.4000E+00
        3                                                                                   NO
                  0.1000E+00
        4                                                                                   NO
                  0.1000E+00
0INITIAL ESTIMATE OF SIGMA:
 0.1000E+00
 0.0000E+00   0.1000E+03
0COVARIANCE STEP OMITTED:        NO
 R MATRIX SUBSTITUTED:          YES
 S MATRIX SUBSTITUTED:           NO
 EIGENVLS. PRINTED:             YES
 COMPRESSED FORMAT:              NO
 GRADIENT METHOD USED:     NOSLOW
 SIGDIGITS ETAHAT (SIGLO):                  -1
 SIGDIGITS GRADIENTS (SIGL):                -1
 EXCLUDE COV FOR FOCE (NOFCOV):              NO
 Cholesky Transposition of R Matrix (CHOLROFF):0
 KNUTHSUMOFF:                                -1
 RESUME COV ANALYSIS (RESUME):               NO
 SIR SAMPLE SIZE (SIRSAMPLE):
 NON-LINEARLY TRANSFORM THETAS DURING COV (THBND): 1
 PRECONDTIONING CYCLES (PRECOND):        1
 PRECONDTIONING TYPES (PRECONDS):        TOS
 FORCED PRECONDTIONING CYCLES (PFCOND):0
 PRECONDTIONING TYPE (PRETYPE):        0
 FORCED POS. DEFINITE SETTING DURING PRECONDITIONING: (FPOSDEF):0
 SIMPLE POS. DEFINITE SETTING: (POSDEF):-1
1DOUBLE PRECISION PREDPP VERSION 7.5.1

 TWO COMPARTMENT MODEL WITH FIRST-ORDER ABSORPTION (ADVAN4)
0MAXIMUM NO. OF BASIC PK PARAMETERS:   5
0BASIC PK PARAMETERS (AFTER TRANSLATION):
   BASIC PK PARAMETER NO.  1: ELIMINATION RATE (K)
   BASIC PK PARAMETER NO.  2: CENTRAL-TO-PERIPH. RATE (K23)
   BASIC PK PARAMETER NO.  3: PERIPH.-TO-CENTRAL RATE (K32)
   BASIC PK PARAMETER NO.  5: ABSORPTION RATE (KA)
0COMPARTMENT ATTRIBUTES
 COMPT. NO.   FUNCTION   INITIAL    ON/OFF      DOSE      DEFAULT    DEFAULT
                         STATUS     ALLOWED    ALLOWED    FOR DOSE   FOR OBS.
    1         DEPOT        OFF        YES        YES        YES        NO
    2         CENTRAL      ON         NO         YES        NO         YES
    3         PERIPH.      ON         NO         YES        NO         NO
    4         OUTPUT       OFF        YES        NO         NO         NO
1
 ADDITIONAL PK PARAMETERS - ASSIGNMENT OF ROWS IN GG
 COMPT. NO.                             INDICES
              SCALE      BIOAVAIL.   ZERO-ORDER  ZERO-ORDER  ABSORB
                         FRACTION    RATE        DURATION    LAG
    1            *           *           *           *           6
    2            7           *           *           *           *
    3            *           *           *           *           *
    4            *           -           -           -           -
             - PARAMETER IS NOT ALLOWED FOR THIS MODEL
             * PARAMETER IS NOT SUPPLIED BY PK SUBROUTINE;
               WILL DEFAULT TO ONE IF APPLICABLE
0DATA ITEM INDICES USED BY PRED ARE:
   EVENT ID DATA ITEM IS DATA ITEM NO.:      6
   TIME DATA ITEM IS DATA ITEM NO.:          2
   DOSE AMOUNT DATA ITEM IS DATA ITEM NO.:   3

0PK SUBROUTINE CALLED WITH EVERY EVENT RECORD.
 PK SUBROUTINE NOT CALLED AT NONEVENT (ADDITIONAL OR LAGGED) DOSE TIMES.
0ERROR SUBROUTINE CALLED WITH EVERY EVENT RECORD.
1


 #TBLN:      1
 #METH: First Order Conditional Estimation with Interaction

 ESTIMATION STEP OMITTED:                 NO
 ANALYSIS TYPE:                           POPULATION
 NUMBER OF SADDLE POINT RESET ITERATIONS:      0
 GRADIENT METHOD USED:               NOSLOW
 CONDITIONAL ESTIMATES USED:              YES
 CENTERED ETA:                            NO
 EPS-ETA INTERACTION:                     YES
 LAPLACIAN OBJ. FUNC.:                    NO
 NO. OF FUNCT. EVALS. ALLOWED:            9999
 NO. OF SIG. FIGURES REQUIRED:            3
 INTERMEDIATE PRINTOUT:                   YES
 ESTIMATE OUTPUT TO MSF:                  YES
 IND. OBJ. FUNC. VALUES SORTED:           NO
 NUMERICAL DERIVATIVE
       FILE REQUEST (NUMDER):               NONE
 MAP (ETAHAT) ESTIMATION METHOD (OPTMAP):   0
 ETA HESSIAN EVALUATION METHOD (ETADER):    0
 INITIAL ETA FOR MAP ESTIMATION (MCETA):    0
 SIGDIGITS FOR MAP ESTIMATION (SIGLO):      100
 GRADIENT SIGDIGITS OF
       FIXED EFFECTS PARAMETERS (SIGL):     100
 NOPRIOR SETTING (NOPRIOR):                 0
 NOCOV SETTING (NOCOV):                     OFF
 DERCONT SETTING (DERCONT):                 OFF
 FINAL ETA RE-EVALUATION (FNLETA):          1
 EXCLUDE NON-INFLUENTIAL (NON-INFL.) ETAS
       IN SHRINKAGE (ETASTYPE):             NO
 NON-INFL. ETA CORRECTION (NONINFETA):      0
 RAW OUTPUT FILE (FILE): NM_5D06_15.ext
 EXCLUDE TITLE (NOTITLE):                   NO
 EXCLUDE COLUMN LABELS (NOLABEL):           NO
 FORMAT FOR ADDITIONAL FILES (FORMAT):      S1PE12.5
 PARAMETER ORDER FOR OUTPUTS (ORDER):       TSOL
 KNUTHSUMOFF:                               0
 INCLUDE LNTWOPI:                           NO
 INCLUDE CONSTANT TERM TO PRIOR (PRIORC):   NO
 INCLUDE CONSTANT TERM TO OMEGA (ETA) (OLNTWOPI):NO
 ADDITIONAL CONVERGENCE TEST (CTYPE=4)?:    NO
 EM OR BAYESIAN METHOD USED:                 NONE


 THE FOLLOWING LABELS ARE EQUIVALENT
 PRED=PREDI
 RES=RESI
 WRES=WRESI
 IWRS=IWRESI
 IPRD=IPREDI
 IRS=IRESI

 MONITORING OF SEARCH:


0ITERATION NO.:    0    OBJECTIVE VALUE:   9860.20435168845        NO. OF FUNC. EVALS.:  11
 CUMULATIVE NO. OF FUNC. EVALS.:       11
 NPARAMETR:  1.0000E+02  1.0000E+01  2.0000E+01  2.0000E-02  3.0000E-01  1.0000E-01  1.0000E-01  1.0000E-01  4.0000E-01  1.0000E-01
             1.0000E-01  1.0000E-01  1.0000E+02
 PARAMETER:  1.0000E-01  1.0000E-01  1.0000E-01  1.0000E-01  1.0000E-01  1.0000E-01  1.0000E-01  1.0000E-01  1.0000E-01  1.0000E-01
             1.0000E-01  1.0000E-01  1.0000E-01
 GRADIENT:   3.8442E+00 -3.4174E+00  9.2469E+02 -6.5258E+01  6.1964E+01  1.3806E+03 -1.7288E+01 -7.8949E+02  4.4492E+01 -5.8680E-01
             1.1201E+01 -1.6341E+02  3.1604E+01

0ITERATION NO.:   10    OBJECTIVE VALUE:   9049.21950554422        NO. OF FUNC. EVALS.: 131
 CUMULATIVE NO. OF FUNC. EVALS.:      142
 NPARAMETR:  7.3882E+01  2.1130E+01  4.6483E+00  1.8216E-01  1.7838E-01  3.9241E-02  2.3527E-01  1.3741E-01  1.7357E-01  1.0896E-01
             4.6566E-03  8.3871E-02  1.5021E-02
 PARAMETER: -2.0270E-01  8.4815E-01 -1.3594E+00  2.3549E+00 -4.2216E-01  8.5070E-02  9.6135E-01  2.5890E-01 -3.1744E-01  1.4292E-01
            -1.4334E+00  1.2054E-02 -4.3017E+00
 GRADIENT:  -4.0939E+01 -1.5323E+01 -4.6771E+02 -1.7620E+02  1.7421E+01  6.9458E+02  2.2000E+02 -3.1681E+02 -5.7065E+01 -6.8511E-01
            -3.3140E+01  3.5139E+02 -1.0573E+00

0ITERATION NO.:   20    OBJECTIVE VALUE:   8765.03225245158        NO. OF FUNC. EVALS.: 126
 CUMULATIVE NO. OF FUNC. EVALS.:      268
 NPARAMETR:  5.7535E+01  6.5796E+00  7.4339E+00  5.9745E-01  3.3959E-01  4.2082E-03  2.1798E-01  1.8422E-01  1.9292E-01  2.0137E-01
             1.0000E-05  6.1718E-02  2.6098E+00
 PARAMETER: -4.5279E-01 -3.1866E-01 -8.8977E-01  3.5465E+00  2.2434E-01  7.6359E-02  8.8470E-01  4.0548E-01 -2.6461E-01  4.4998E-01
            -4.8899E+00 -1.4130E-01 -1.7230E+00
 GRADIENT:   3.2497E+00  3.2095E+01 -5.4459E+01  8.9473E+00 -2.8558E+01  3.5446E+02  1.1831E+02 -2.9138E+01 -3.4937E+01 -9.5813E+00
             0.0000E+00  1.6349E+02  1.2155E+01

0ITERATION NO.:   30    OBJECTIVE VALUE:   8699.90358647407        NO. OF FUNC. EVALS.: 122
 CUMULATIVE NO. OF FUNC. EVALS.:      390
 NPARAMETR:  3.1441E+01  2.1595E+00  7.8199E+00  1.5714E+00  4.0882E-01 -2.5439E-02  1.7565E-01  2.8150E-01  2.5673E-01  2.0832E-01
             1.0000E-05  4.8311E-02  9.2596E-01
 PARAMETER: -1.0571E+00 -1.4331E+00 -8.3914E-01  4.5147E+00  4.1037E-01  6.8927E-02  6.6768E-01  6.1748E-01 -1.2172E-01  4.6695E-01
            -5.4505E+00 -2.6376E-01 -2.2410E+00
 GRADIENT:   7.1637E+00 -6.7335E+00 -1.7896E+00 -3.1711E+00  2.0655E+01 -9.0966E+01  1.3360E+01  2.2023E+01 -1.0922E+00 -2.7036E+00
             0.0000E+00 -2.8178E+01  1.3199E+00

0ITERATION NO.:   40    OBJECTIVE VALUE:   8693.93711644291        NO. OF FUNC. EVALS.: 188
 CUMULATIVE NO. OF FUNC. EVALS.:      578
 NPARAMETR:  2.5596E+01  1.7412E+00  8.1874E+00  2.0515E+00  3.9739E-01 -2.2671E-02  1.6661E-01  2.2547E-01  2.6822E-01  1.8468E-01
             1.0000E-05  4.9099E-02  5.8865E-01
 PARAMETER: -1.2628E+00 -1.6485E+00 -7.9321E-01  4.7814E+00  3.8195E-01  6.9624E-02  6.1449E-01  5.0651E-01 -9.9822E-02  4.0672E-01
            -4.7536E+00 -2.5567E-01 -2.4675E+00
 GRADIENT:   1.5996E+01  4.5430E+00  8.5634E+00  6.2819E+00 -1.1911E+00  3.7606E+01 -4.1462E+01  9.5448E-01  2.3162E+00  5.2606E-01
             0.0000E+00 -1.1571E+01 -1.7345E-01

0ITERATION NO.:   50    OBJECTIVE VALUE:   8568.10644996039        NO. OF FUNC. EVALS.: 274
 CUMULATIVE NO. OF FUNC. EVALS.:      852
 NPARAMETR:  1.6256E+01  1.3860E+00  8.0186E+00  3.1646E+00  3.8977E-01 -2.5879E-02  1.9480E-01  1.6445E-01  1.9673E-01  1.5883E-01
             5.9317E-02  3.8723E-02  3.4550E-01
 PARAMETER: -1.7168E+00 -1.8768E+00 -8.1404E-01  5.2150E+00  3.6256E-01  6.8817E-02  7.7170E-01  3.4872E-01 -2.5482E-01  3.3133E-01
            -1.6114E-01 -3.7437E-01 -2.7340E+00
 GRADIENT:   3.9463E+00  7.4181E+00 -2.3080E+01  2.3982E+01 -1.9572E+01 -6.3043E+01 -2.8187E-01 -1.8978E+01 -1.7339E+01  3.0059E+00
            -2.2080E+00 -1.4949E+01 -3.1531E+00

0ITERATION NO.:   58    OBJECTIVE VALUE:   8563.98268508299        NO. OF FUNC. EVALS.: 207
 CUMULATIVE NO. OF FUNC. EVALS.:     1059
 NPARAMETR:  1.9192E+01  1.5153E+00  8.2549E+00  2.6996E+00  4.0259E-01 -2.1569E-02  1.8926E-01  1.9120E-01  2.3466E-01  1.6424E-01
             5.6499E-02  3.8689E-02  9.0454E-01
 PARAMETER: -1.5507E+00 -1.7875E+00 -7.8500E-01  5.0560E+00  3.9499E-01  6.9901E-02  7.4270E-01  4.2409E-01 -1.6666E-01  3.4809E-01
            -1.8547E-01 -3.7481E-01 -2.2528E+00
 GRADIENT:   3.6759E-02 -6.2074E-03  2.5314E-02  2.2146E-03  8.1199E-03 -7.3757E-02  2.7249E-01  1.8449E-02 -2.2904E-02  2.6692E-03
             1.1274E-02  7.0024E-02  5.6320E-03

 #TERM:
0MINIMIZATION SUCCESSFUL
 NO. OF FUNCTION EVALUATIONS USED:     1059
 NO. OF SIG. DIGITS IN FINAL EST.:  3.1

 ETABAR IS THE ARITHMETIC MEAN OF THE ETA-ESTIMATES,
 AND THE P-VALUE IS GIVEN FOR THE NULL HYPOTHESIS THAT THE TRUE MEAN IS 0.

 ETABAR:         4.3130E-03 -1.3756E-02 -8.0372E-03  2.0458E-02 -7.2181E-03 -1.6552E-02
 SE:             5.1422E-02  5.3922E-02  4.3945E-02  1.5499E-02  1.1144E-02  1.5630E-02
 N:                      66          66          66          66          66          66

 P VAL.:         9.3316E-01  7.9864E-01  8.5488E-01  1.8686E-01  5.1719E-01  2.8963E-01

 ETASHRINKSD(%)  4.4622E+00  9.5683E+00  1.1908E+01  4.7026E+01  6.1911E+01  4.6578E+01
 ETASHRINKVR(%)  8.7253E+00  1.8221E+01  2.2397E+01  7.1938E+01  8.5492E+01  7.1460E+01
 EBVSHRINKSD(%)  3.4393E+00  9.2429E+00  1.1751E+01  4.2259E+01  6.0194E+01  5.3967E+01
 EBVSHRINKVR(%)  6.7602E+00  1.7632E+01  2.2120E+01  6.6660E+01  8.4155E+01  7.8810E+01
 RELATIVEINF(%)  9.3141E+01  0.0000E+00  7.7734E+01  0.0000E+00  0.0000E+00  0.0000E+00
 EPSSHRINKSD(%)  1.1074E+01  1.1074E+01
 EPSSHRINKVR(%)  2.0922E+01  2.0922E+01

  
 TOTAL DATA POINTS NORMALLY DISTRIBUTED (N):          951
 N*LOG(2PI) CONSTANT TO OBJECTIVE FUNCTION:    1747.8210901552875     
 OBJECTIVE FUNCTION VALUE WITHOUT CONSTANT:    8563.9826850829868     
 OBJECTIVE FUNCTION VALUE WITH CONSTANT:       10311.803775238273     
 REPORTED OBJECTIVE FUNCTION DOES NOT CONTAIN CONSTANT
  
 TOTAL EFFECTIVE ETAS (NIND*NETA):                           348
  
 #TERE:
 Elapsed estimation  time in seconds:    32.71
 TESTING R MATRIX FOR POSITIVE DEFINITNESS
 R MATRIX IS POSITIVE DEFINITE
 Elapsed covariance  time in seconds:    16.28
 Elapsed postprocess time in seconds:     0.00
1
 
 
 
 
 
 
 
 
 
 
 
 
 
 
 
 
 
 
 
 
 ************************************************************************************************************************
 ********************                                                                                ********************
 ********************               FIRST ORDER CONDITIONAL ESTIMATION WITH INTERACTION              ********************
 #OBJT:**************                       MINIMUM VALUE OF OBJECTIVE FUNCTION                      ********************
 ********************                                                                                ********************
 ************************************************************************************************************************
 





 #OBJV:********************************************     8563.983       **************************************************
1
 ************************************************************************************************************************
 ********************                                                                                ********************
 ********************               FIRST ORDER CONDITIONAL ESTIMATION WITH INTERACTION              ********************
 ********************                             FINAL PARAMETER ESTIMATE                           ********************
 ********************                                                                                ********************
 ************************************************************************************************************************
 


 THETA - VECTOR OF FIXED EFFECTS PARAMETERS   *********


         TH 1      TH 2      TH 3      TH 4      TH 5      TH 6      TH 7     
 
         1.92E+01  1.52E+00  8.25E+00  2.70E+00  4.03E-01 -2.16E-02  1.89E-01
 


 OMEGA - COV MATRIX FOR RANDOM EFFECTS - ETAS  ********


         ETA1      ETA2      ETA3      ETA4      ETA5      ETA6     
 
 ETA1
+        1.91E-01
 
 ETA2
+        0.00E+00  2.35E-01
 
 ETA3
+        0.00E+00  0.00E+00  1.64E-01
 
 ETA4
+        0.00E+00  0.00E+00  0.00E+00  5.65E-02
 
 ETA5
+        0.00E+00  0.00E+00  0.00E+00  0.00E+00  5.65E-02
 
 ETA6
+        0.00E+00  0.00E+00  0.00E+00  0.00E+00  0.00E+00  5.65E-02
 


 SIGMA - COV MATRIX FOR RANDOM EFFECTS - EPSILONS  ****


         EPS1      EPS2     
 
 EPS1
+        3.87E-02
 
 EPS2
+        0.00E+00  9.05E-01
 
1


 OMEGA - CORR MATRIX FOR RANDOM EFFECTS - ETAS  *******


         ETA1      ETA2      ETA3      ETA4      ETA5      ETA6     
 
 ETA1
+        4.37E-01
 
 ETA2
+        0.00E+00  4.84E-01
 
 ETA3
+        0.00E+00  0.00E+00  4.05E-01
 
 ETA4
+        0.00E+00  0.00E+00  0.00E+00  2.38E-01
 
 ETA5
+        0.00E+00  0.00E+00  0.00E+00  0.00E+00  2.38E-01
 
 ETA6
+        0.00E+00  0.00E+00  0.00E+00  0.00E+00  0.00E+00  2.38E-01
 


 SIGMA - CORR MATRIX FOR RANDOM EFFECTS - EPSILONS  ***


         EPS1      EPS2     
 
 EPS1
+        1.97E-01
 
 EPS2
+        0.00E+00  9.51E-01
 
1
 ************************************************************************************************************************
 ********************                                                                                ********************
 ********************               FIRST ORDER CONDITIONAL ESTIMATION WITH INTERACTION              ********************
 ********************                            STANDARD ERROR OF ESTIMATE                          ********************
 ********************                                                                                ********************
 ************************************************************************************************************************
 


 THETA - VECTOR OF FIXED EFFECTS PARAMETERS   *********


         TH 1      TH 2      TH 3      TH 4      TH 5      TH 6      TH 7     
 
         3.27E+00  1.78E-01  4.60E-01  4.03E-01  1.84E-02  1.67E-02  7.87E-03
 


 OMEGA - COV MATRIX FOR RANDOM EFFECTS - ETAS  ********


         ETA1      ETA2      ETA3      ETA4      ETA5      ETA6     
 
 ETA1
+        3.60E-02
 
 ETA2
+       .........  4.95E-02
 
 ETA3
+       ......... .........  3.90E-02
 
 ETA4
+       ......... ......... .........  1.48E-02
 
 ETA5
+       ......... ......... ......... ......... .........
 
 ETA6
+       ......... ......... ......... ......... ......... .........
 


 SIGMA - COV MATRIX FOR RANDOM EFFECTS - EPSILONS  ****


         EPS1      EPS2     
 
 EPS1
+        2.16E-03
 
 EPS2
+       .........  7.72E-01
 
1


 OMEGA - CORR MATRIX FOR RANDOM EFFECTS - ETAS  *******


         ETA1      ETA2      ETA3      ETA4      ETA5      ETA6     
 
 ETA1
+        4.11E-02
 
 ETA2
+       .........  5.11E-02
 
 ETA3
+       ......... .........  4.81E-02
 
 ETA4
+       ......... ......... .........  3.10E-02
 
 ETA5
+       ......... ......... ......... ......... .........
 
 ETA6
+       ......... ......... ......... ......... ......... .........
 


 SIGMA - CORR MATRIX FOR RANDOM EFFECTS - EPSILONS  ***


         EPS1      EPS2     
 
 EPS1
+        5.49E-03
 
 EPS2
+       .........  4.06E-01
 
1
 ************************************************************************************************************************
 ********************                                                                                ********************
 ********************               FIRST ORDER CONDITIONAL ESTIMATION WITH INTERACTION              ********************
 ********************                          COVARIANCE MATRIX OF ESTIMATE                         ********************
 ********************                                                                                ********************
 ************************************************************************************************************************
 

            TH 1      TH 2      TH 3      TH 4      TH 5      TH 6      TH 7      OM11      OM12      OM13      OM14      OM15  
             OM16      OM22      OM23      OM24      OM25      OM26      OM33      OM34      OM35      OM36      OM44      OM45  
            OM46      OM55      OM56      OM66      SG11      SG12      SG22  
 
 TH 1
+        1.07E+01
 
 TH 2
+        4.63E-01  3.17E-02
 
 TH 3
+        9.89E-03  3.99E-04  2.12E-01
 
 TH 4
+       -1.19E+00 -5.87E-02 -9.26E-04  1.62E-01
 
 TH 5
+        3.75E-02  2.30E-03  2.69E-04 -4.09E-03  3.38E-04
 
 TH 6
+        5.79E-04  1.11E-04  6.74E-05 -4.73E-04  8.22E-06  2.79E-04
 
 TH 7
+       -1.39E-02 -5.50E-04  6.66E-06  2.04E-03 -2.58E-05 -8.54E-06  6.19E-05
 
 OM11
+       -8.56E-04 -1.12E-04 -7.84E-04  1.38E-04 -3.90E-05 -5.15E-06  1.74E-06  1.29E-03
 
 OM12
+       ......... ......... ......... ......... ......... ......... ......... ......... .........
 
 OM13
+       ......... ......... ......... ......... ......... ......... ......... ......... ......... .........
 
 OM14
+       ......... ......... ......... ......... ......... ......... ......... ......... ......... ......... .........
 
 OM15
+       ......... ......... ......... ......... ......... ......... ......... ......... ......... ......... ......... .........
 
 OM16
+       ......... ......... ......... ......... ......... ......... ......... ......... ......... ......... ......... .........
         .........
 
 OM22
+       -7.20E-03 -4.68E-04 -5.50E-04  1.11E-03 -5.93E-05 -2.32E-05  1.10E-05  7.05E-05 ......... ......... ......... .........
         .........  2.45E-03
 
 OM23
+       ......... ......... ......... ......... ......... ......... ......... ......... ......... ......... ......... .........
         ......... ......... .........
 
 OM24
+       ......... ......... ......... ......... ......... ......... ......... ......... ......... ......... ......... .........
         ......... ......... ......... .........
 
 OM25
+       ......... ......... ......... ......... ......... ......... ......... ......... ......... ......... ......... .........
         ......... ......... ......... ......... .........
 
 OM26
+       ......... ......... ......... ......... ......... ......... ......... ......... ......... ......... ......... .........
         ......... ......... ......... ......... ......... .........
 
 OM33
+        3.55E-02  1.91E-03  7.25E-05 -5.04E-03  1.11E-04  2.22E-06 -6.44E-05 -1.50E-05 ......... ......... ......... .........
         ......... -3.86E-05 ......... ......... ......... .........  1.52E-03
 
1

            TH 1      TH 2      TH 3      TH 4      TH 5      TH 6      TH 7      OM11      OM12      OM13      OM14      OM15  
             OM16      OM22      OM23      OM24      OM25      OM26      OM33      OM34      OM35      OM36      OM44      OM45  
            OM46      OM55      OM56      OM66      SG11      SG12      SG22  
 
 OM34
+       ......... ......... ......... ......... ......... ......... ......... ......... ......... ......... ......... .........
         ......... ......... ......... ......... ......... ......... ......... .........
 
 OM35
+       ......... ......... ......... ......... ......... ......... ......... ......... ......... ......... ......... .........
         ......... ......... ......... ......... ......... ......... ......... ......... .........
 
 OM36
+       ......... ......... ......... ......... ......... ......... ......... ......... ......... ......... ......... .........
         ......... ......... ......... ......... ......... ......... ......... ......... ......... .........
 
 OM44
+       -1.95E-03 -9.08E-05  2.88E-05  2.18E-04 -8.19E-06 -2.29E-06  3.04E-06 -1.22E-05 ......... ......... ......... .........
         ......... -9.71E-05 ......... ......... ......... ......... -2.28E-06 ......... ......... .........  2.18E-04
 
 OM45
+       ......... ......... ......... ......... ......... ......... ......... ......... ......... ......... ......... .........
         ......... ......... ......... ......... ......... ......... ......... ......... ......... ......... ......... .........
 
 OM46
+       ......... ......... ......... ......... ......... ......... ......... ......... ......... ......... ......... .........
         ......... ......... ......... ......... ......... ......... ......... ......... ......... ......... ......... .........
        .........
 
 OM55
+       ......... ......... ......... ......... ......... ......... ......... ......... ......... ......... ......... .........
         ......... ......... ......... ......... ......... ......... ......... ......... ......... ......... ......... .........
        ......... .........
 
 OM56
+       ......... ......... ......... ......... ......... ......... ......... ......... ......... ......... ......... .........
         ......... ......... ......... ......... ......... ......... ......... ......... ......... ......... ......... .........
        ......... ......... .........
 
 OM66
+       ......... ......... ......... ......... ......... ......... ......... ......... ......... ......... ......... .........
         ......... ......... ......... ......... ......... ......... ......... ......... ......... ......... ......... .........
        ......... ......... ......... .........
 
 SG11
+       -1.88E-04 -1.48E-05  4.41E-05  3.98E-05 -4.74E-07  1.42E-07  3.50E-07 -1.57E-06 ......... ......... ......... .........
         ......... -1.52E-06 ......... ......... ......... ......... -5.95E-06 ......... ......... ......... -1.51E-06 .........
        ......... ......... ......... .........  4.67E-06
 
 SG12
+       ......... ......... ......... ......... ......... ......... ......... ......... ......... ......... ......... .........
         ......... ......... ......... ......... ......... ......... ......... ......... ......... ......... ......... .........
        ......... ......... ......... ......... ......... .........
 
 SG22
+        5.39E-04 -6.22E-04 -1.59E-04  1.25E-03 -1.08E-04  5.96E-04  2.32E-05  8.01E-04 ......... ......... ......... .........
         .........  1.08E-03 ......... ......... ......... .........  7.22E-05 ......... ......... ......... -1.32E-03 .........
        ......... ......... ......... ......... -2.21E-04 .........  5.96E-01
 
1
 ************************************************************************************************************************
 ********************                                                                                ********************
 ********************               FIRST ORDER CONDITIONAL ESTIMATION WITH INTERACTION              ********************
 ********************                          CORRELATION MATRIX OF ESTIMATE                        ********************
 ********************                                                                                ********************
 ************************************************************************************************************************
 

            TH 1      TH 2      TH 3      TH 4      TH 5      TH 6      TH 7      OM11      OM12      OM13      OM14      OM15  
             OM16      OM22      OM23      OM24      OM25      OM26      OM33      OM34      OM35      OM36      OM44      OM45  
            OM46      OM55      OM56      OM66      SG11      SG12      SG22  
 
 TH 1
+        3.27E+00
 
 TH 2
+        7.97E-01  1.78E-01
 
 TH 3
+        6.58E-03  4.87E-03  4.60E-01
 
 TH 4
+       -9.08E-01 -8.18E-01 -4.99E-03  4.03E-01
 
 TH 5
+        6.25E-01  7.01E-01  3.18E-02 -5.52E-01  1.84E-02
 
 TH 6
+        1.06E-02  3.74E-02  8.77E-03 -7.03E-02  2.68E-02  1.67E-02
 
 TH 7
+       -5.40E-01 -3.93E-01  1.84E-03  6.45E-01 -1.78E-01 -6.50E-02  7.87E-03
 
 OM11
+       -7.29E-03 -1.75E-02 -4.74E-02  9.52E-03 -5.90E-02 -8.58E-03  6.16E-03  3.60E-02
 
 OM12
+       ......... ......... ......... ......... ......... ......... ......... ......... .........
 
 OM13
+       ......... ......... ......... ......... ......... ......... ......... ......... ......... .........
 
 OM14
+       ......... ......... ......... ......... ......... ......... ......... ......... ......... ......... .........
 
 OM15
+       ......... ......... ......... ......... ......... ......... ......... ......... ......... ......... ......... .........
 
 OM16
+       ......... ......... ......... ......... ......... ......... ......... ......... ......... ......... ......... .........
         .........
 
 OM22
+       -4.46E-02 -5.31E-02 -2.41E-02  5.56E-02 -6.52E-02 -2.80E-02  2.81E-02  3.96E-02 ......... ......... ......... .........
         .........  4.95E-02
 
 OM23
+       ......... ......... ......... ......... ......... ......... ......... ......... ......... ......... ......... .........
         ......... ......... .........
 
 OM24
+       ......... ......... ......... ......... ......... ......... ......... ......... ......... ......... ......... .........
         ......... ......... ......... .........
 
 OM25
+       ......... ......... ......... ......... ......... ......... ......... ......... ......... ......... ......... .........
         ......... ......... ......... ......... .........
 
 OM26
+       ......... ......... ......... ......... ......... ......... ......... ......... ......... ......... ......... .........
         ......... ......... ......... ......... ......... .........
 
 OM33
+        2.79E-01  2.75E-01  4.04E-03 -3.21E-01  1.55E-01  3.41E-03 -2.10E-01 -1.07E-02 ......... ......... ......... .........
         ......... -2.00E-02 ......... ......... ......... .........  3.90E-02
 
1

            TH 1      TH 2      TH 3      TH 4      TH 5      TH 6      TH 7      OM11      OM12      OM13      OM14      OM15  
             OM16      OM22      OM23      OM24      OM25      OM26      OM33      OM34      OM35      OM36      OM44      OM45  
            OM46      OM55      OM56      OM66      SG11      SG12      SG22  
 
 OM34
+       ......... ......... ......... ......... ......... ......... ......... ......... ......... ......... ......... .........
         ......... ......... ......... ......... ......... ......... ......... .........
 
 OM35
+       ......... ......... ......... ......... ......... ......... ......... ......... ......... ......... ......... .........
         ......... ......... ......... ......... ......... ......... ......... ......... .........
 
 OM36
+       ......... ......... ......... ......... ......... ......... ......... ......... ......... ......... ......... .........
         ......... ......... ......... ......... ......... ......... ......... ......... ......... .........
 
 OM44
+       -4.04E-02 -3.45E-02  4.24E-03  3.66E-02 -3.02E-02 -9.29E-03  2.62E-02 -2.31E-02 ......... ......... ......... .........
         ......... -1.33E-01 ......... ......... ......... ......... -3.96E-03 ......... ......... .........  1.48E-02
 
 OM45
+       ......... ......... ......... ......... ......... ......... ......... ......... ......... ......... ......... .........
         ......... ......... ......... ......... ......... ......... ......... ......... ......... ......... ......... .........
 
 OM46
+       ......... ......... ......... ......... ......... ......... ......... ......... ......... ......... ......... .........
         ......... ......... ......... ......... ......... ......... ......... ......... ......... ......... ......... .........
        .........
 
 OM55
+       ......... ......... ......... ......... ......... ......... ......... ......... ......... ......... ......... .........
         ......... ......... ......... ......... ......... ......... ......... ......... ......... ......... ......... .........
        ......... .........
 
 OM56
+       ......... ......... ......... ......... ......... ......... ......... ......... ......... ......... ......... .........
         ......... ......... ......... ......... ......... ......... ......... ......... ......... ......... ......... .........
        ......... ......... .........
 
 OM66
+       ......... ......... ......... ......... ......... ......... ......... ......... ......... ......... ......... .........
         ......... ......... ......... ......... ......... ......... ......... ......... ......... ......... ......... .........
        ......... ......... ......... .........
 
 SG11
+       -2.67E-02 -3.84E-02  4.43E-02  4.57E-02 -1.19E-02  3.95E-03  2.06E-02 -2.02E-02 ......... ......... ......... .........
         ......... -1.42E-02 ......... ......... ......... ......... -7.07E-02 ......... ......... ......... -4.75E-02 .........
        ......... ......... ......... .........  2.16E-03
 
 SG12
+       ......... ......... ......... ......... ......... ......... ......... ......... ......... ......... ......... .........
         ......... ......... ......... ......... ......... ......... ......... ......... ......... ......... ......... .........
        ......... ......... ......... ......... ......... .........
 
 SG22
+        2.14E-04 -4.52E-03 -4.48E-04  4.03E-03 -7.63E-03  4.62E-02  3.83E-03  2.89E-02 ......... ......... ......... .........
         .........  2.83E-02 ......... ......... ......... .........  2.40E-03 ......... ......... ......... -1.16E-01 .........
        ......... ......... ......... ......... -1.33E-01 .........  7.72E-01
 
1
 ************************************************************************************************************************
 ********************                                                                                ********************
 ********************               FIRST ORDER CONDITIONAL ESTIMATION WITH INTERACTION              ********************
 ********************                      INVERSE COVARIANCE MATRIX OF ESTIMATE                     ********************
 ********************                                                                                ********************
 ************************************************************************************************************************
 

            TH 1      TH 2      TH 3      TH 4      TH 5      TH 6      TH 7      OM11      OM12      OM13      OM14      OM15  
             OM16      OM22      OM23      OM24      OM25      OM26      OM33      OM34      OM35      OM36      OM44      OM45  
            OM46      OM55      OM56      OM66      SG11      SG12      SG22  
 
 TH 1
+        6.27E-01
 
 TH 2
+       -3.47E-01  1.36E+02
 
 TH 3
+        1.00E-02  4.58E-01  4.75E+00
 
 TH 4
+        4.14E+00  4.08E+01  1.10E-01  5.78E+01
 
 TH 5
+       -1.80E+01 -4.22E+02 -6.23E+00 -9.56E+01  6.54E+03
 
 TH 6
+        6.24E+00  1.54E+01 -8.21E-01  5.68E+01 -1.98E+02  3.68E+03
 
 TH 7
+       -5.06E+00 -4.00E+02 -8.64E-01 -6.21E+02 -1.87E+03  1.26E+02  3.12E+04
 
 OM11
+       -5.32E-01 -4.61E+00  2.63E+00 -1.18E+00  1.54E+02  8.53E+00 -6.94E+01  7.81E+02
 
 OM12
+       ......... ......... ......... ......... ......... ......... ......... ......... .........
 
 OM13
+       ......... ......... ......... ......... ......... ......... ......... ......... ......... .........
 
 OM14
+       ......... ......... ......... ......... ......... ......... ......... ......... ......... ......... .........
 
 OM15
+       ......... ......... ......... ......... ......... ......... ......... ......... ......... ......... ......... .........
 
 OM16
+       ......... ......... ......... ......... ......... ......... ......... ......... ......... ......... ......... .........
         .........
 
 OM22
+       -4.12E-01 -1.62E+00  8.55E-01 -4.87E+00  7.26E+01  2.76E+01  5.75E+00 -1.77E+01 ......... ......... ......... .........
         .........  4.20E+02
 
 OM23
+       ......... ......... ......... ......... ......... ......... ......... ......... ......... ......... ......... .........
         ......... ......... .........
 
 OM24
+       ......... ......... ......... ......... ......... ......... ......... ......... ......... ......... ......... .........
         ......... ......... ......... .........
 
 OM25
+       ......... ......... ......... ......... ......... ......... ......... ......... ......... ......... ......... .........
         ......... ......... ......... ......... .........
 
 OM26
+       ......... ......... ......... ......... ......... ......... ......... ......... ......... ......... ......... .........
         ......... ......... ......... ......... ......... .........
 
 OM33
+        5.37E-01 -1.42E+01 -3.80E-01  2.34E+01  8.00E+01  3.66E+01  2.44E+01  8.17E+00 ......... ......... ......... .........
         .........  1.94E+00 ......... ......... ......... .........  7.40E+02
 
1

            TH 1      TH 2      TH 3      TH 4      TH 5      TH 6      TH 7      OM11      OM12      OM13      OM14      OM15  
             OM16      OM22      OM23      OM24      OM25      OM26      OM33      OM34      OM35      OM36      OM44      OM45  
            OM46      OM55      OM56      OM66      SG11      SG12      SG22  
 
 OM34
+       ......... ......... ......... ......... ......... ......... ......... ......... ......... ......... ......... .........
         ......... ......... ......... ......... ......... ......... ......... .........
 
 OM35
+       ......... ......... ......... ......... ......... ......... ......... ......... ......... ......... ......... .........
         ......... ......... ......... ......... ......... ......... ......... ......... .........
 
 OM36
+       ......... ......... ......... ......... ......... ......... ......... ......... ......... ......... ......... .........
         ......... ......... ......... ......... ......... ......... ......... ......... ......... .........
 
 OM44
+        3.48E-01  1.98E+00 -6.09E-01 -2.13E+00  7.66E+01  2.09E+01 -9.18E+01  3.34E+01 ......... ......... ......... .........
         .........  1.89E+02 ......... ......... ......... ......... -6.87E+00 ......... ......... .........  4.77E+03
 
 OM45
+       ......... ......... ......... ......... ......... ......... ......... ......... ......... ......... ......... .........
         ......... ......... ......... ......... ......... ......... ......... ......... ......... ......... ......... .........
 
 OM46
+       ......... ......... ......... ......... ......... ......... ......... ......... ......... ......... ......... .........
         ......... ......... ......... ......... ......... ......... ......... ......... ......... ......... ......... .........
        .........
 
 OM55
+       ......... ......... ......... ......... ......... ......... ......... ......... ......... ......... ......... .........
         ......... ......... ......... ......... ......... ......... ......... ......... ......... ......... ......... .........
        ......... .........
 
 OM56
+       ......... ......... ......... ......... ......... ......... ......... ......... ......... ......... ......... .........
         ......... ......... ......... ......... ......... ......... ......... ......... ......... ......... ......... .........
        ......... ......... .........
 
 OM66
+       ......... ......... ......... ......... ......... ......... ......... ......... ......... ......... ......... .........
         ......... ......... ......... ......... ......... ......... ......... ......... ......... ......... ......... .........
        ......... ......... ......... .........
 
 SG11
+       -1.34E+01  3.32E+01 -4.51E+01 -1.44E+02 -1.28E+02 -4.42E+02  1.26E+03  2.08E+02 ......... ......... ......... .........
         .........  2.00E+02 ......... ......... ......... .........  7.33E+02 ......... ......... .........  2.19E+03 .........
        ......... ......... ......... .........  2.21E+05
 
 SG12
+       ......... ......... ......... ......... ......... ......... ......... ......... ......... ......... ......... .........
         ......... ......... ......... ......... ......... ......... ......... ......... ......... ......... ......... .........
        ......... ......... ......... ......... ......... .........
 
 SG22
+       -2.18E-02  8.01E-03 -2.19E-02 -1.83E-01  1.01E+00 -4.02E+00 -4.47E-01 -8.48E-01 ......... ......... ......... .........
         ......... -2.50E-01 ......... ......... ......... .........  6.48E-02 ......... ......... .........  1.10E+01 .........
        ......... ......... ......... .........  8.69E+01 .........  1.74E+00
 
1
 
 
 
 
 
 
 
 
 
 
 
 
 
 
 
 
 
 
 
 
 ************************************************************************************************************************
 ********************                                                                                ********************
 ********************               FIRST ORDER CONDITIONAL ESTIMATION WITH INTERACTION              ********************
 ********************                      EIGENVALUES OF COR MATRIX OF ESTIMATE                     ********************
 ********************                                                                                ********************
 ************************************************************************************************************************
 

             1         2         3         4         5         6         7         8         9        10        11        12
             13
 
         6.85E-02  1.85E-01  3.17E-01  7.68E-01  8.15E-01  8.81E-01  9.44E-01  9.53E-01  1.01E+00  1.06E+00  1.11E+00  1.23E+00
          3.67E+00
 
 Elapsed finaloutput time in seconds:     0.02
 #CPUT: Total CPU Time in Seconds,       49.216
Stop Time:
Wed 21 Dec 2022 07:08:29 AM PST
OFV = 8563.982685082987
success = True
covariance = True
correlation = True
Condition # = 53.51221671254494
Num Non fixed THETAs = 7
Num Non fixed OMEGAs = 4
Num Non fixed SIGMAs = 2
Original run directory = /home/CertaraUser/pydarwin/Example5/temp/5D06/15
