Mon Mar  6 11:39:59 CST 2023

$PROBLEM    2 compartment fitting
$INPUT       ID TIME AMT DV WTKG GENDER AGE DROP
$DATA      /home/jcraig/Example7/dataExample1.csv IGNORE=@

$SUBROUTINE ADVAN4
$ABBR DERIV2=NO
$PK      
  CWTKG = WTKG/70  ;; CENTERED ON ONE 
  CAGE = AGE/40
  TVV2=THETA(2) 
  V2=TVV2*EXP(ETA(4)) 
  TVCL= THETA(1)  
  CL=TVCL*EXP(ETA(3)) 
  K=CL/V2  
  TVKA=THETA(3) 
  KA=TVKA    
  S2 	= V2/1000 
  ALAG1 = THETA(6)
  K23=THETA(4)*EXP(ETA(1))
  K32 = THETA(5)*EXP(ETA(2))
$ERROR     
  REP = IREP      
  IPRED =F  
  IOBS = F*EXP(EPS(1)) + EPS(2)
  Y=IOBS
$THETA  ;; must be one THETA per line.
  (0.001,100)	; THETA(1) CL UNITS =  L/HR
  (0.001,500) 	; THETA(2) V  UNITS = L
  (0.001,2) 	; THETA(3) KA UNITS = 1/HR  
  (0,0.1)	; THETA(4) k23
  (0,0.1)	; THETA(5) k32

  (0, 0.1,3) 	; THETA(6) ALAG1  

$SIGMA   
  0.1
  10 


$EST METHOD=COND INTER MAX = 9999 MSFO=MSF1 
$COV UNCOND PRINT=E

;; Phenotype 
;; OrderedDict([('KAETA', 1), ('ALAG', 0)])
;; Genotype 
;; [1, 0, 0, 0, 0]
;; Num non-influential tokens = 0
$OMEGA   
  0.6  	 ; ETA(1) K23
  0.5  	; ETA(2) K32
$OMEGA  ;; block omega searched for bands
0.4 

$OMEGA  ;; block omega searched for bands
0.3 

NM-TRAN MESSAGES
  
 WARNINGS AND ERRORS (IF ANY) FOR PROBLEM    1
             
 (WARNING  2) NM-TRAN INFERS THAT THE DATA ARE POPULATION.

License Registered to: Certara USA
Expiration Date:    14 MAR 2023
Current Date:        6 MAR 2023
  **** WARNING!!! Days until program expires :   8 ****
  **** CONTACT idssoftware@iconplc.com FOR RENEWAL ****
1NONLINEAR MIXED EFFECTS MODEL PROGRAM (NONMEM) VERSION 7.5.1
 ORIGINALLY DEVELOPED BY STUART BEAL, LEWIS SHEINER, AND ALISON BOECKMANN
 CURRENT DEVELOPERS ARE ROBERT BAUER, ICON DEVELOPMENT SOLUTIONS,
 AND ALISON BOECKMANN. IMPLEMENTATION, EFFICIENCY, AND STANDARDIZATION
 PERFORMED BY NOUS INFOSYSTEMS.

 PROBLEM NO.:         1
 2 compartment fitting
0DATA CHECKOUT RUN:              NO
 DATA SET LOCATED ON UNIT NO.:    2
 THIS UNIT TO BE REWOUND:        NO
 NO. OF DATA RECS IN DATA SET:      500
 NO. OF DATA ITEMS IN DATA SET:   9
 ID DATA ITEM IS DATA ITEM NO.:   1
 DEP VARIABLE IS DATA ITEM NO.:   4
 MDV DATA ITEM IS DATA ITEM NO.:  9
0INDICES PASSED TO SUBROUTINE PRED:
   8   2   3   0   0   0   0   0   0   0   0
0LABELS FOR DATA ITEMS:
 ID TIME AMT DV WTKG GENDER AGE EVID MDV
0FORMAT FOR DATA:
 (7E9.0,2F2.0)

 TOT. NO. OF OBS RECS:      450
 TOT. NO. OF INDIVIDUALS:       50
0LENGTH OF THETA:   6
0DEFAULT THETA BOUNDARY TEST OMITTED:    NO
0OMEGA HAS SIMPLE DIAGONAL FORM WITH DIMENSION:   4
0DEFAULT OMEGA BOUNDARY TEST OMITTED:    NO
0SIGMA HAS SIMPLE DIAGONAL FORM WITH DIMENSION:   2
0DEFAULT SIGMA BOUNDARY TEST OMITTED:    NO
0INITIAL ESTIMATE OF THETA:
 LOWER BOUND    INITIAL EST    UPPER BOUND
  0.1000E-02     0.1000E+03     0.1000E+07
  0.1000E-02     0.5000E+03     0.1000E+07
  0.1000E-02     0.2000E+01     0.1000E+07
  0.0000E+00     0.1000E+00     0.1000E+07
  0.0000E+00     0.1000E+00     0.1000E+07
  0.0000E+00     0.1000E+00     0.3000E+01
0INITIAL ESTIMATE OF OMEGA:
 0.6000E+00
 0.0000E+00   0.5000E+00
 0.0000E+00   0.0000E+00   0.4000E+00
 0.0000E+00   0.0000E+00   0.0000E+00   0.3000E+00
0INITIAL ESTIMATE OF SIGMA:
 0.1000E+00
 0.0000E+00   0.1000E+02
0COVARIANCE STEP OMITTED:        NO
 EIGENVLS. PRINTED:             YES
 SPECIAL COMPUTATION:            NO
 COMPRESSED FORMAT:              NO
 GRADIENT METHOD USED:     NOSLOW
 SIGDIGITS ETAHAT (SIGLO):                  -1
 SIGDIGITS GRADIENTS (SIGL):                -1
 EXCLUDE COV FOR FOCE (NOFCOV):              NO
 Cholesky Transposition of R Matrix (CHOLROFF):0
 KNUTHSUMOFF:                                -1
 RESUME COV ANALYSIS (RESUME):               NO
 SIR SAMPLE SIZE (SIRSAMPLE):
 NON-LINEARLY TRANSFORM THETAS DURING COV (THBND): 1
 PRECONDTIONING CYCLES (PRECOND):        0
 PRECONDTIONING TYPES (PRECONDS):        TOS
 FORCED PRECONDTIONING CYCLES (PFCOND):0
 PRECONDTIONING TYPE (PRETYPE):        0
 FORCED POS. DEFINITE SETTING DURING PRECONDITIONING: (FPOSDEF):0
 SIMPLE POS. DEFINITE SETTING: (POSDEF):-1
1DOUBLE PRECISION PREDPP VERSION 7.5.1

 TWO COMPARTMENT MODEL WITH FIRST-ORDER ABSORPTION (ADVAN4)
0MAXIMUM NO. OF BASIC PK PARAMETERS:   5
0BASIC PK PARAMETERS (AFTER TRANSLATION):
   BASIC PK PARAMETER NO.  1: ELIMINATION RATE (K)
   BASIC PK PARAMETER NO.  2: CENTRAL-TO-PERIPH. RATE (K23)
   BASIC PK PARAMETER NO.  3: PERIPH.-TO-CENTRAL RATE (K32)
   BASIC PK PARAMETER NO.  5: ABSORPTION RATE (KA)
0COMPARTMENT ATTRIBUTES
 COMPT. NO.   FUNCTION   INITIAL    ON/OFF      DOSE      DEFAULT    DEFAULT
                         STATUS     ALLOWED    ALLOWED    FOR DOSE   FOR OBS.
    1         DEPOT        OFF        YES        YES        YES        NO
    2         CENTRAL      ON         NO         YES        NO         YES
    3         PERIPH.      ON         NO         YES        NO         NO
    4         OUTPUT       OFF        YES        NO         NO         NO
1
 ADDITIONAL PK PARAMETERS - ASSIGNMENT OF ROWS IN GG
 COMPT. NO.                             INDICES
              SCALE      BIOAVAIL.   ZERO-ORDER  ZERO-ORDER  ABSORB
                         FRACTION    RATE        DURATION    LAG
    1            *           *           *           *           7
    2            6           *           *           *           *
    3            *           *           *           *           *
    4            *           -           -           -           -
             - PARAMETER IS NOT ALLOWED FOR THIS MODEL
             * PARAMETER IS NOT SUPPLIED BY PK SUBROUTINE;
               WILL DEFAULT TO ONE IF APPLICABLE
0DATA ITEM INDICES USED BY PRED ARE:
   EVENT ID DATA ITEM IS DATA ITEM NO.:      8
   TIME DATA ITEM IS DATA ITEM NO.:          2
   DOSE AMOUNT DATA ITEM IS DATA ITEM NO.:   3

0PK SUBROUTINE CALLED WITH EVERY EVENT RECORD.
 PK SUBROUTINE NOT CALLED AT NONEVENT (ADDITIONAL OR LAGGED) DOSE TIMES.
0ERROR SUBROUTINE CALLED WITH EVERY EVENT RECORD.
1


 #TBLN:      1
 #METH: First Order Conditional Estimation with Interaction

 ESTIMATION STEP OMITTED:                 NO
 ANALYSIS TYPE:                           POPULATION
 NUMBER OF SADDLE POINT RESET ITERATIONS:      0
 GRADIENT METHOD USED:               NOSLOW
 CONDITIONAL ESTIMATES USED:              YES
 CENTERED ETA:                            NO
 EPS-ETA INTERACTION:                     YES
 LAPLACIAN OBJ. FUNC.:                    NO
 NO. OF FUNCT. EVALS. ALLOWED:            9999
 NO. OF SIG. FIGURES REQUIRED:            3
 INTERMEDIATE PRINTOUT:                   YES
 ESTIMATE OUTPUT TO MSF:                  YES
 IND. OBJ. FUNC. VALUES SORTED:           NO
 NUMERICAL DERIVATIVE
       FILE REQUEST (NUMDER):               NONE
 MAP (ETAHAT) ESTIMATION METHOD (OPTMAP):   0
 ETA HESSIAN EVALUATION METHOD (ETADER):    0
 INITIAL ETA FOR MAP ESTIMATION (MCETA):    0
 SIGDIGITS FOR MAP ESTIMATION (SIGLO):      100
 GRADIENT SIGDIGITS OF
       FIXED EFFECTS PARAMETERS (SIGL):     100
 NOPRIOR SETTING (NOPRIOR):                 0
 NOCOV SETTING (NOCOV):                     OFF
 DERCONT SETTING (DERCONT):                 OFF
 FINAL ETA RE-EVALUATION (FNLETA):          1
 EXCLUDE NON-INFLUENTIAL (NON-INFL.) ETAS
       IN SHRINKAGE (ETASTYPE):             NO
 NON-INFL. ETA CORRECTION (NONINFETA):      0
 RAW OUTPUT FILE (FILE): NM_0_03.ext
 EXCLUDE TITLE (NOTITLE):                   NO
 EXCLUDE COLUMN LABELS (NOLABEL):           NO
 FORMAT FOR ADDITIONAL FILES (FORMAT):      S1PE12.5
 PARAMETER ORDER FOR OUTPUTS (ORDER):       TSOL
 KNUTHSUMOFF:                               0
 INCLUDE LNTWOPI:                           NO
 INCLUDE CONSTANT TERM TO PRIOR (PRIORC):   NO
 INCLUDE CONSTANT TERM TO OMEGA (ETA) (OLNTWOPI):NO
 ADDITIONAL CONVERGENCE TEST (CTYPE=4)?:    NO
 EM OR BAYESIAN METHOD USED:                 NONE


 THE FOLLOWING LABELS ARE EQUIVALENT
 PRED=PREDI
 RES=RESI
 WRES=WRESI
 IWRS=IWRESI
 IPRD=IPREDI
 IRS=IRESI

 MONITORING OF SEARCH:


0ITERATION NO.:    0    OBJECTIVE VALUE:   5164.94472215792        NO. OF FUNC. EVALS.:  10
 CUMULATIVE NO. OF FUNC. EVALS.:       10
 NPARAMETR:  1.0000E+02  5.0000E+02  2.0000E+00  1.0000E-01  1.0000E-01  1.0000E-01  6.0000E-01  5.0000E-01  4.0000E-01  3.0000E-01
             1.0000E-01  1.0000E+01
 PARAMETER:  1.0000E-01  1.0000E-01  1.0000E-01  1.0000E-01  1.0000E-01  1.0000E-01  1.0000E-01  1.0000E-01  1.0000E-01  1.0000E-01
             1.0000E-01  1.0000E-01
 GRADIENT:  -6.1002E+00  7.0240E+00  2.3813E+02  1.3328E+02 -2.0094E+02 -4.8499E+01 -8.6484E+01 -1.5648E+02  8.2595E+01  6.2161E+01
            -1.2121E+02  3.0980E+01

0ITERATION NO.:   44    OBJECTIVE VALUE:   4718.49275447317        NO. OF FUNC. EVALS.: 573
 CUMULATIVE NO. OF FUNC. EVALS.:      583
 NPARAMETR:  9.8699E+01  4.8705E+02  2.1846E+00  2.7045E-02  2.9148E-01  3.1221E-01  6.0000E-05  5.0000E-05  5.1429E-02  5.6102E-02
             9.5490E-02  1.0067E-01
 PARAMETER:  8.6902E-02  7.3765E-02  1.8834E-01 -1.2077E+00  1.1698E+00  1.3145E+00 -4.6282E+00 -4.5055E+00 -9.2563E-01 -7.3830E-01
             7.6927E-02 -2.1992E+00
 GRADIENT:   4.9408E-02 -3.9021E-02  9.6159E-03 -4.4270E-03  9.3993E-03 -2.2369E-02  0.0000E+00  0.0000E+00 -4.7934E-04  2.8886E-03
             2.0159E-03  2.0114E-04

 #TERM:
0MINIMIZATION SUCCESSFUL
 NO. OF FUNCTION EVALUATIONS USED:      583
 NO. OF SIG. DIGITS IN FINAL EST.:  3.3
0PARAMETER ESTIMATE IS NEAR ITS BOUNDARY

 ETABAR IS THE ARITHMETIC MEAN OF THE ETA-ESTIMATES,
 AND THE P-VALUE IS GIVEN FOR THE NULL HYPOTHESIS THAT THE TRUE MEAN IS 0.

 ETABAR:        -5.0787E-06  1.1474E-05 -7.5936E-04 -1.8438E-03
 SE:             6.5616E-06  1.1526E-05  2.9747E-02  2.9541E-02
 N:                      50          50          50          50

 P VAL.:         4.3893E-01  3.1951E-01  9.7963E-01  9.5023E-01

 ETASHRINKSD(%)  9.9401E+01  9.8847E+01  7.2469E+00  1.1811E+01
 ETASHRINKVR(%)  9.9996E+01  9.9987E+01  1.3969E+01  2.2227E+01
 EBVSHRINKSD(%)  9.9284E+01  9.8559E+01  7.1423E+00  1.1182E+01
 EBVSHRINKVR(%)  9.9995E+01  9.9979E+01  1.3775E+01  2.1113E+01
 RELATIVEINF(%)  6.0032E-04  2.7094E-03  8.2335E+01  5.9326E+01
 EPSSHRINKSD(%)  8.0544E+00  8.0544E+00
 EPSSHRINKVR(%)  1.5460E+01  1.5460E+01

  
 TOTAL DATA POINTS NORMALLY DISTRIBUTED (N):          450
 N*LOG(2PI) CONSTANT TO OBJECTIVE FUNCTION:    827.04467988420538     
 OBJECTIVE FUNCTION VALUE WITHOUT CONSTANT:    4718.4927544731654     
 OBJECTIVE FUNCTION VALUE WITH CONSTANT:       5545.5374343573712     
 REPORTED OBJECTIVE FUNCTION DOES NOT CONTAIN CONSTANT
  
 TOTAL EFFECTIVE ETAS (NIND*NETA):                           200
  
 #TERE:
 Elapsed estimation  time in seconds:     4.41
0R MATRIX ALGORITHMICALLY SINGULAR
 AND ALGORITHMICALLY NON-POSITIVE-SEMIDEFINITE
0R MATRIX IS OUTPUT
0COVARIANCE STEP ABORTED
 Elapsed covariance  time in seconds:     3.67
 Elapsed postprocess time in seconds:     0.00
1
 
 
 
 
 
 
 
 
 
 
 
 
 
 
 
 
 
 
 
 
 ************************************************************************************************************************
 ********************                                                                                ********************
 ********************               FIRST ORDER CONDITIONAL ESTIMATION WITH INTERACTION              ********************
 #OBJT:**************                       MINIMUM VALUE OF OBJECTIVE FUNCTION                      ********************
 ********************                                                                                ********************
 ************************************************************************************************************************
 





 #OBJV:********************************************     4718.493       **************************************************
1
 ************************************************************************************************************************
 ********************                                                                                ********************
 ********************               FIRST ORDER CONDITIONAL ESTIMATION WITH INTERACTION              ********************
 ********************                             FINAL PARAMETER ESTIMATE                           ********************
 ********************                                                                                ********************
 ************************************************************************************************************************
 


 THETA - VECTOR OF FIXED EFFECTS PARAMETERS   *********


         TH 1      TH 2      TH 3      TH 4      TH 5      TH 6     
 
         9.87E+01  4.87E+02  2.18E+00  2.70E-02  2.91E-01  3.12E-01
 


 OMEGA - COV MATRIX FOR RANDOM EFFECTS - ETAS  ********


         ETA1      ETA2      ETA3      ETA4     
 
 ETA1
+        6.00E-05
 
 ETA2
+        0.00E+00  5.00E-05
 
 ETA3
+        0.00E+00  0.00E+00  5.14E-02
 
 ETA4
+        0.00E+00  0.00E+00  0.00E+00  5.61E-02
 


 SIGMA - COV MATRIX FOR RANDOM EFFECTS - EPSILONS  ****


         EPS1      EPS2     
 
 EPS1
+        9.55E-02
 
 EPS2
+        0.00E+00  1.01E-01
 
1


 OMEGA - CORR MATRIX FOR RANDOM EFFECTS - ETAS  *******


         ETA1      ETA2      ETA3      ETA4     
 
 ETA1
+        7.75E-03
 
 ETA2
+        0.00E+00  7.07E-03
 
 ETA3
+        0.00E+00  0.00E+00  2.27E-01
 
 ETA4
+        0.00E+00  0.00E+00  0.00E+00  2.37E-01
 


 SIGMA - CORR MATRIX FOR RANDOM EFFECTS - EPSILONS  ***


         EPS1      EPS2     
 
 EPS1
+        3.09E-01
 
 EPS2
+        0.00E+00  3.17E-01
 
1
 ************************************************************************************************************************
 ********************                                                                                ********************
 ********************               FIRST ORDER CONDITIONAL ESTIMATION WITH INTERACTION              ********************
 ********************                                     R MATRIX                                   ********************
 ********************                                                                                ********************
 ************************************************************************************************************************
 

            TH 1      TH 2      TH 3      TH 4      TH 5      TH 6      OM11      OM12      OM13      OM14      OM22      OM23  
             OM24      OM33      OM34      OM44      SG11      SG12      SG22  
 
 TH 1
+        8.59E-02
 
 TH 2
+       -2.91E-03  2.93E-03
 
 TH 3
+       -3.37E-01 -1.28E-01  8.21E+01
 
 TH 4
+       -1.05E+01  5.37E+00  1.06E+03  5.39E+04
 
 TH 5
+        1.41E+00 -7.33E-01 -1.61E+02 -9.80E+03  2.05E+03
 
 TH 6
+        3.35E+00  1.09E+00 -7.78E+02 -7.96E+03  1.15E+03  8.79E+03
 
 OM11
+        0.00E+00  0.00E+00  0.00E+00  0.00E+00  0.00E+00  0.00E+00  0.00E+00
 
 OM12
+       ......... ......... ......... ......... ......... ......... ......... .........
 
 OM13
+       ......... ......... ......... ......... ......... ......... ......... ......... .........
 
 OM14
+       ......... ......... ......... ......... ......... ......... ......... ......... ......... .........
 
 OM22
+        0.00E+00  0.00E+00  0.00E+00  0.00E+00  0.00E+00  0.00E+00  0.00E+00 ......... ......... .........  4.17E+07
 
 OM23
+       ......... ......... ......... ......... ......... ......... ......... ......... ......... ......... ......... .........
 
 OM24
+       ......... ......... ......... ......... ......... ......... ......... ......... ......... ......... ......... .........
         .........
 
 OM33
+       -7.28E-01 -1.94E-01  4.07E+01  3.10E+02 -5.38E+01 -3.06E+02  0.00E+00 ......... ......... ......... -2.01E+00 .........
         .........  7.00E+03
 
 OM34
+       ......... ......... ......... ......... ......... ......... ......... ......... ......... ......... ......... .........
         ......... ......... .........
 
 OM44
+       -4.24E-01 -1.72E-01  2.13E+01 -8.78E+02  2.48E+02 -6.03E+01  0.00E+00 ......... ......... ......... -5.18E+01 .........
         ......... -4.38E+02 .........  4.68E+03
 
 SG11
+       -5.41E+00 -8.26E-01  5.16E+01 -2.14E+03  3.54E+02 -5.19E+02  0.00E+00 ......... ......... ......... -1.22E+01 .........
         .........  7.73E+02 .........  9.09E+02  1.70E+04
 
 SG12
+       ......... ......... ......... ......... ......... ......... ......... ......... ......... ......... ......... .........
         ......... ......... ......... ......... ......... .........
 
 SG22
+       -3.82E-02  4.64E-04  6.75E-01 -1.52E+02  7.10E+01 -8.29E+00  0.00E+00 ......... ......... ......... -8.00E+00 .........
         ......... -1.81E+00 .........  6.70E+00  2.38E+02 .........  1.39E+02
 
 Elapsed finaloutput time in seconds:     0.00
 #CPUT: Total CPU Time in Seconds,        8.062
Stop Time:
Mon Mar  6 11:40:23 CST 2023
OFV = 4718.492754473165
success = True
covariance = False
correlation = False
Condition # = 99999999
Num Non fixed THETAs = 6
Num Non fixed OMEGAs = 4
Num Non fixed SIGMAs = 2
Original run directory = /home/jcraig/pydarwin/Example7/temp/0/03
