Wed 21 Dec 2022 04:54:15 PM PST
$PROBLEM    2 compartment fitting
$INPUT       ID TIME AMT DROP DV MDV EVID WT AGE SEX BUN SCR OCC CRCL COV1 COV2

$DATA      /home/CertaraUser/Desktop/FDA-OGD-ML/examples/user/Example6/dataWithPeriod.csv IGNORE=@

$SUBROUTINE ADVAN4 ;; advan4
$PK
  CWTKGONE = WT/81  ;; WEIGHT CENTERED ON ONE
  CWTKGZERO = WT-81 ;; WEIGHT CENTERED ON ZERO
  CAGE = AGE/60     ;; AGE CENTERED ON ONE
  CCRCL = CRCL/85.6 ;; CRCL CENTERD ON ONE
  CCOV1 = COV1-15.4 ;; COVARIATE 1 CENTERED ON ZERO
  IF(OCC.EQ.1) IOVV = ETA(4) 
  IF(OCC.EQ.2) IOVV = ETA(5) 
  IF(OCC.EQ.3) IOVV = ETA(6)
  TVV2=THETA(1) *EXP(CWTKGZERO*THETA(6))     *EXP(IOVV)
  V2=TVV2*EXP(ETA(2))
  IOVCL = 0
  TVCL= THETA(3)     *EXP(IOVCL)
  CL=TVCL*EXP(ETA(1))

  K=CL/V2
  K23=THETA(4)
  K32=THETA(5)
  ALAG1=THETA(7)
  ;; No D1
  TVKA=THETA(2)
  KA=TVKA  *EXP(ETA(3)) 
  S2 = V2
$ERROR
  REP = IREP
  IPRED =F
  IOBS = F *EXP(EPS(1))+EPS(2)
  Y=IOBS
$THETA
  (0.001,100) 	; THETA(1) V  UNITS = L
  (0.001, 10) 	; THETA(2) KA UNITS = 1/HR
  (0.001,2)	; THETA(3) CL UNITS =  L/HR
  (0.001,0.02)  	 ; THETA(4) K23 
  (0.001,0.3) 	 ; THETA(5) K32 
  ; init for K23~WT 
  (-1,0.01) 	; THETA(6) EXPONENTIAL volume ~WT 







  (0.001,0.1) 	; THETA(7) ALAG1   
$OMEGA
  0.1  		; ETA(1) CLEARANCE
  0.4  		; ETA(2) VOLUME
$OMEGA ;; 2nd OMEGA block 
  0.1		; ETA(3) ETA ON KA

  ;; no iov ON CL
$OMEGA BLOCK(1) ; ETA(4)
  0.1 
$OMEGA BLOCK SAME ; ETA(5)
$OMEGA BLOCK SAME ; ETA(6)
$SIGMA
  0.1 	; EPS(1) proportional error
  100 	; EPS(2) additive error

$EST METHOD=COND INTER MAX = 9999 MSFO=MSF1 PRINT = 10
$COV UNCOND PRINT=E  PRECOND=1 PRECONDS=TOS  MATRIX = R

$TABLE REP ID TIME DV EVID NOPRINT FILE = ORG.DAT ONEHEADER NOAPPEND

$PROB SIMULATION FOR CMAX

$INPUT       ID TIME AMT DROP DV MDV EVID WT AGE SEX BUN SCR OCC CRCL COV1 COV2
$DATA      /home/CertaraUser/Desktop/FDA-OGD-ML/examples/user/Example6/dataWithPeriod.csv IGNORE=@  REWIND
$MSFI = MSF1
$SIMULATION (1) ONLYSIM
$TABLE REP ID TIME IOBS EVID  NOAPPEND NOPRINT FILE = SIM.DAT ONEHEADER NOAPPEND

;; Phenotype 
;; OrderedDict([('ADVAN', 1), ('K23~WT', 0), ('KAETA', 1), ('V2~WT', 2), ('V2~AGE', 0), ('V2~SEX', 0), ('V2~COV2', 0), ('CL~WT', 0), ('CL~AGE', 0), ('CL~CRCL', 0), ('CL~COV1', 0), ('IOVCL', 1), ('IOVV', 0), ('INITCL', 0), ('ETAD1LAG', 0), ('D1LAG', 0), ('RESERR', 0)])
;; Genotype 
;; [1, 0, 1, 2, 0, 0, 0, 0, 0, 0, 0, 1, 0, 0, 0, 0, 0]
;; Num non-influential tokens = 0
NM-TRAN MESSAGES
  
 WARNINGS AND ERRORS (IF ANY) FOR PROBLEM    1
             
 (WARNING  2) NM-TRAN INFERS THAT THE DATA ARE POPULATION.
             
 (WARNING  3) THERE MAY BE AN ERROR IN THE ABBREVIATED CODE. THE FOLLOWING
 ONE OR MORE RANDOM VARIABLES ARE DEFINED WITH "IF" STATEMENTS THAT DO NOT
 PROVIDE DEFINITIONS FOR BOTH THE "THEN" AND "ELSE" CASES. IF ALL
 CONDITIONS FAIL, THE VALUES OF THESE VARIABLES WILL BE ZERO.
  
   IOVV

  
 WARNINGS AND ERRORS (IF ANY) FOR PROBLEM    2
             
 (WARNING  2) NM-TRAN INFERS THAT THE DATA ARE POPULATION.
  
Note: Analytical 2nd Derivatives are constructed in FSUBS but are never used.
      You may insert $ABBR DERIV2=NO after the first $PROB to save FSUBS construction and compilation time
  

License Registered to: Certara USA
Expiration Date:    14 MAR 2023
Current Date:       21 DEC 2022
Days until program expires :  88
1NONLINEAR MIXED EFFECTS MODEL PROGRAM (NONMEM) VERSION 7.5.1
 ORIGINALLY DEVELOPED BY STUART BEAL, LEWIS SHEINER, AND ALISON BOECKMANN
 CURRENT DEVELOPERS ARE ROBERT BAUER, ICON DEVELOPMENT SOLUTIONS,
 AND ALISON BOECKMANN. IMPLEMENTATION, EFFICIENCY, AND STANDARDIZATION
 PERFORMED BY NOUS INFOSYSTEMS.

 PROBLEM NO.:         1
 2 compartment fitting
0DATA CHECKOUT RUN:              NO
 DATA SET LOCATED ON UNIT NO.:    2
 THIS UNIT TO BE REWOUND:        NO
 NO. OF DATA RECS IN DATA SET:     1110
 NO. OF DATA ITEMS IN DATA SET:  15
 ID DATA ITEM IS DATA ITEM NO.:   1
 DEP VARIABLE IS DATA ITEM NO.:   4
 MDV DATA ITEM IS DATA ITEM NO.:  5
0INDICES PASSED TO SUBROUTINE PRED:
   6   2   3   0   0   0   0   0   0   0   0
0LABELS FOR DATA ITEMS:
 ID TIME AMT DV MDV EVID WT AGE SEX BUN SCR OCC CRCL COV1 COV2
0(NONBLANK) LABELS FOR PRED-DEFINED ITEMS:
 REP
0FORMAT FOR DATA:
 (1(8E9.0/),7E9.0)

 TOT. NO. OF OBS RECS:      951
 TOT. NO. OF INDIVIDUALS:       66
0LENGTH OF THETA:   7
0DEFAULT THETA BOUNDARY TEST OMITTED:    NO
0OMEGA HAS BLOCK FORM:
  1
  0  2
  0  0  3
  0  0  0  4
  0  0  0  0  4
  0  0  0  0  0  4
0DEFAULT OMEGA BOUNDARY TEST OMITTED:    NO
0SIGMA HAS SIMPLE DIAGONAL FORM WITH DIMENSION:   2
0DEFAULT SIGMA BOUNDARY TEST OMITTED:    NO
0INITIAL ESTIMATE OF THETA:
 LOWER BOUND    INITIAL EST    UPPER BOUND
  0.1000E-02     0.1000E+03     0.1000E+07
  0.1000E-02     0.1000E+02     0.1000E+07
  0.1000E-02     0.2000E+01     0.1000E+07
  0.1000E-02     0.2000E-01     0.1000E+07
  0.1000E-02     0.3000E+00     0.1000E+07
 -0.1000E+01     0.1000E-01     0.1000E+07
  0.1000E-02     0.1000E+00     0.1000E+07
0INITIAL ESTIMATE OF OMEGA:
 BLOCK SET NO.   BLOCK                                                                    FIXED
        1                                                                                   NO
                  0.1000E+00
        2                                                                                   NO
                  0.4000E+00
        3                                                                                   NO
                  0.1000E+00
        4                                                                                   NO
                  0.1000E+00
0INITIAL ESTIMATE OF SIGMA:
 0.1000E+00
 0.0000E+00   0.1000E+03
0COVARIANCE STEP OMITTED:        NO
 R MATRIX SUBSTITUTED:          YES
 S MATRIX SUBSTITUTED:           NO
 EIGENVLS. PRINTED:             YES
 COMPRESSED FORMAT:              NO
 GRADIENT METHOD USED:     NOSLOW
 SIGDIGITS ETAHAT (SIGLO):                  -1
 SIGDIGITS GRADIENTS (SIGL):                -1
 EXCLUDE COV FOR FOCE (NOFCOV):              NO
 Cholesky Transposition of R Matrix (CHOLROFF):0
 KNUTHSUMOFF:                                -1
 RESUME COV ANALYSIS (RESUME):               NO
 SIR SAMPLE SIZE (SIRSAMPLE):
 NON-LINEARLY TRANSFORM THETAS DURING COV (THBND): 1
 PRECONDTIONING CYCLES (PRECOND):        1
 PRECONDTIONING TYPES (PRECONDS):        TOS
 FORCED PRECONDTIONING CYCLES (PFCOND):0
 PRECONDTIONING TYPE (PRETYPE):        0
 FORCED POS. DEFINITE SETTING DURING PRECONDITIONING: (FPOSDEF):0
 SIMPLE POS. DEFINITE SETTING: (POSDEF):-1
0TABLES STEP OMITTED:    NO
 NO. OF TABLES:           1
 SEED NUMBER (SEED):    11456
 NPDTYPE:    0
 INTERPTYPE:    0
 RANMETHOD:             3U
 MC SAMPLES (ESAMPLE):    300
 WRES SQUARE ROOT TYPE (WRESCHOL): EIGENVALUE
0-- TABLE   1 --
0RECORDS ONLY:    ALL
04 COLUMNS APPENDED:    NO
 PRINTED:                NO
 HEADERS:               ONE
 FILE TO BE FORWARDED:   NO
 FORMAT:                S1PE11.4
 IDFORMAT:
 LFORMAT:
 RFORMAT:
 FIXED_EFFECT_ETAS:
0USER-CHOSEN ITEMS:
 REP ID TIME DV EVID
1DOUBLE PRECISION PREDPP VERSION 7.5.1

 TWO COMPARTMENT MODEL WITH FIRST-ORDER ABSORPTION (ADVAN4)
0MAXIMUM NO. OF BASIC PK PARAMETERS:   5
0BASIC PK PARAMETERS (AFTER TRANSLATION):
   BASIC PK PARAMETER NO.  1: ELIMINATION RATE (K)
   BASIC PK PARAMETER NO.  2: CENTRAL-TO-PERIPH. RATE (K23)
   BASIC PK PARAMETER NO.  3: PERIPH.-TO-CENTRAL RATE (K32)
   BASIC PK PARAMETER NO.  5: ABSORPTION RATE (KA)
0COMPARTMENT ATTRIBUTES
 COMPT. NO.   FUNCTION   INITIAL    ON/OFF      DOSE      DEFAULT    DEFAULT
                         STATUS     ALLOWED    ALLOWED    FOR DOSE   FOR OBS.
    1         DEPOT        OFF        YES        YES        YES        NO
    2         CENTRAL      ON         NO         YES        NO         YES
    3         PERIPH.      ON         NO         YES        NO         NO
    4         OUTPUT       OFF        YES        NO         NO         NO
1
 ADDITIONAL PK PARAMETERS - ASSIGNMENT OF ROWS IN GG
 COMPT. NO.                             INDICES
              SCALE      BIOAVAIL.   ZERO-ORDER  ZERO-ORDER  ABSORB
                         FRACTION    RATE        DURATION    LAG
    1            *           *           *           *           6
    2            7           *           *           *           *
    3            *           *           *           *           *
    4            *           -           -           -           -
             - PARAMETER IS NOT ALLOWED FOR THIS MODEL
             * PARAMETER IS NOT SUPPLIED BY PK SUBROUTINE;
               WILL DEFAULT TO ONE IF APPLICABLE
0DATA ITEM INDICES USED BY PRED ARE:
   EVENT ID DATA ITEM IS DATA ITEM NO.:      6
   TIME DATA ITEM IS DATA ITEM NO.:          2
   DOSE AMOUNT DATA ITEM IS DATA ITEM NO.:   3

0PK SUBROUTINE CALLED WITH EVERY EVENT RECORD.
 PK SUBROUTINE NOT CALLED AT NONEVENT (ADDITIONAL OR LAGGED) DOSE TIMES.
0ERROR SUBROUTINE CALLED WITH EVERY EVENT RECORD.
1


 #TBLN:      1
 #METH: First Order Conditional Estimation with Interaction

 ESTIMATION STEP OMITTED:                 NO
 ANALYSIS TYPE:                           POPULATION
 NUMBER OF SADDLE POINT RESET ITERATIONS:      0
 GRADIENT METHOD USED:               NOSLOW
 CONDITIONAL ESTIMATES USED:              YES
 CENTERED ETA:                            NO
 EPS-ETA INTERACTION:                     YES
 LAPLACIAN OBJ. FUNC.:                    NO
 NO. OF FUNCT. EVALS. ALLOWED:            9999
 NO. OF SIG. FIGURES REQUIRED:            3
 INTERMEDIATE PRINTOUT:                   YES
 ESTIMATE OUTPUT TO MSF:                  YES
 IND. OBJ. FUNC. VALUES SORTED:           NO
 NUMERICAL DERIVATIVE
       FILE REQUEST (NUMDER):               NONE
 MAP (ETAHAT) ESTIMATION METHOD (OPTMAP):   0
 ETA HESSIAN EVALUATION METHOD (ETADER):    0
 INITIAL ETA FOR MAP ESTIMATION (MCETA):    0
 SIGDIGITS FOR MAP ESTIMATION (SIGLO):      100
 GRADIENT SIGDIGITS OF
       FIXED EFFECTS PARAMETERS (SIGL):     100
 NOPRIOR SETTING (NOPRIOR):                 0
 NOCOV SETTING (NOCOV):                     OFF
 DERCONT SETTING (DERCONT):                 OFF
 FINAL ETA RE-EVALUATION (FNLETA):          1
 EXCLUDE NON-INFLUENTIAL (NON-INFL.) ETAS
       IN SHRINKAGE (ETASTYPE):             NO
 NON-INFL. ETA CORRECTION (NONINFETA):      0
 RAW OUTPUT FILE (FILE): NM_5D05_28.ext
 EXCLUDE TITLE (NOTITLE):                   NO
 EXCLUDE COLUMN LABELS (NOLABEL):           NO
 FORMAT FOR ADDITIONAL FILES (FORMAT):      S1PE12.5
 PARAMETER ORDER FOR OUTPUTS (ORDER):       TSOL
 KNUTHSUMOFF:                               0
 INCLUDE LNTWOPI:                           NO
 INCLUDE CONSTANT TERM TO PRIOR (PRIORC):   NO
 INCLUDE CONSTANT TERM TO OMEGA (ETA) (OLNTWOPI):NO
 ADDITIONAL CONVERGENCE TEST (CTYPE=4)?:    NO
 EM OR BAYESIAN METHOD USED:                 NONE


 THE FOLLOWING LABELS ARE EQUIVALENT
 PRED=PREDI
 RES=RESI
 WRES=WRESI
 IWRS=IWRESI
 IPRD=IPREDI
 IRS=IRESI

 MONITORING OF SEARCH:


0ITERATION NO.:    0    OBJECTIVE VALUE:   10427.6468643131        NO. OF FUNC. EVALS.:  11
 CUMULATIVE NO. OF FUNC. EVALS.:       11
 NPARAMETR:  1.0000E+02  1.0000E+01  2.0000E+00  2.0000E-02  3.0000E-01  1.0000E-02  1.0000E-01  1.0000E-01  4.0000E-01  1.0000E-01
             1.0000E-01  1.0000E-01  1.0000E+02
 PARAMETER:  1.0000E-01  1.0000E-01  1.0000E-01  1.0000E-01  1.0000E-01  1.0000E-01  1.0000E-01  1.0000E-01  1.0000E-01  1.0000E-01
             1.0000E-01  1.0000E-01  1.0000E-01
 GRADIENT:  -7.1588E+00 -1.8259E+01 -1.1169E+03 -5.6516E+01  5.8719E+01  1.0369E+03  7.8507E-01 -1.1842E+03  1.0813E+01 -8.6059E-02
             3.4329E+01 -3.4975E+02  1.0143E+01

0ITERATION NO.:   10    OBJECTIVE VALUE:   9056.12010835214        NO. OF FUNC. EVALS.: 129
 CUMULATIVE NO. OF FUNC. EVALS.:      140
 NPARAMETR:  9.4156E+01  1.2911E+01  1.1320E+01  1.5199E-01  1.1149E-01 -8.5573E-03  2.2092E-01  3.2605E-01  2.2080E-01  1.0922E-01
             1.2724E-02  1.0668E-01  1.0641E-02
 PARAMETER:  3.9785E-02  3.5551E-01  1.8338E+00  2.1728E+00 -8.9551E-01  8.1456E-02  8.9814E-01  6.9094E-01 -1.9710E-01  1.4410E-01
            -9.3085E-01  1.3232E-01 -4.4741E+00
 GRADIENT:   6.3359E+01 -1.2310E+01  1.5299E+02  1.6635E+01 -2.4289E+02 -2.1118E+03  4.1549E+00 -1.6251E+01 -4.0729E+01  1.8848E-01
            -2.8369E+01  4.0546E+02 -1.7403E+00

0ITERATION NO.:   20    OBJECTIVE VALUE:   8630.76027114592        NO. OF FUNC. EVALS.: 123
 CUMULATIVE NO. OF FUNC. EVALS.:      263
 NPARAMETR:  5.1090E+01  5.1302E+00  7.0365E+00  7.0928E-01  3.6002E-01 -7.8451E-05  2.0884E-01  2.9130E-01  2.1834E-01  3.6895E-01
             5.6315E-02  4.2069E-02  1.0000E-02
 PARAMETER: -5.7158E-01 -5.6753E-01  1.3583E+00  3.7184E+00  2.8293E-01  8.9971E-02  8.4163E-01  6.3459E-01 -2.0270E-01  7.5274E-01
            -1.8710E-01 -3.3292E-01 -6.0803E+00
 GRADIENT:  -9.5259E-01  1.7674E+01 -4.4117E+01 -4.9798E-01 -7.3624E+01 -2.0624E+02  1.4172E+02  2.6866E+01 -4.1791E+00  5.4723E+00
             1.6672E+00 -1.7656E+01  0.0000E+00

0ITERATION NO.:   30    OBJECTIVE VALUE:   8575.65473645588        NO. OF FUNC. EVALS.: 122
 CUMULATIVE NO. OF FUNC. EVALS.:      385
 NPARAMETR:  3.5274E+01  2.5916E+00  7.9761E+00  1.2952E+00  4.1625E-01  8.8782E-04  1.7611E-01  1.9853E-01  2.2728E-01  2.5501E-01
             5.3208E-02  3.9100E-02  7.1381E-01
 PARAMETER: -9.4205E-01 -1.2506E+00  1.4837E+00  4.3212E+00  4.2844E-01  9.0937E-02  6.7028E-01  4.4289E-01 -1.8263E-01  5.6806E-01
            -2.1548E-01 -3.6953E-01 -2.3712E+00
 GRADIENT:   7.2906E-01 -1.2821E+00  1.0606E+00 -2.0847E+00  7.7280E+00  2.5886E+01  5.0198E+00  3.0985E+00  1.6422E+00 -6.8473E-02
            -1.0031E+00 -2.3950E-02 -1.0560E+00

0ITERATION NO.:   40    OBJECTIVE VALUE:   8567.28891027357        NO. OF FUNC. EVALS.: 245
 CUMULATIVE NO. OF FUNC. EVALS.:      630
 NPARAMETR:  2.3110E+01  1.7401E+00  8.2517E+00  2.1267E+00  4.1102E-01  4.1614E-03  1.7443E-01  1.8543E-01  2.2345E-01  1.9601E-01
             5.4561E-02  3.8772E-02  6.4444E-01
 PARAMETER: -1.3649E+00 -1.6491E+00  1.5176E+00  4.8174E+00  4.1575E-01  9.4202E-02  6.6063E-01  4.0876E-01 -1.9114E-01  4.3650E-01
            -2.0292E-01 -3.7374E-01 -2.4223E+00
 GRADIENT:  -1.0711E+01  1.1245E+00 -2.1112E-01 -1.3346E+01  3.4186E+00  4.9071E+01 -3.8899E+01 -2.8750E+00 -6.9706E-01  3.6685E+00
            -2.2819E+00 -3.7251E+00 -1.5978E+00

0ITERATION NO.:   47    OBJECTIVE VALUE:   8564.31513121022        NO. OF FUNC. EVALS.: 180
 CUMULATIVE NO. OF FUNC. EVALS.:      810
 NPARAMETR:  1.9115E+01  1.5239E+00  8.2542E+00  2.6637E+00  4.0313E-01  3.8140E-03  1.8864E-01  1.9105E-01  2.2805E-01  1.6440E-01
             5.6633E-02  3.8761E-02  9.2462E-01
 PARAMETER: -1.5547E+00 -1.7819E+00  1.5179E+00  5.0427E+00  3.9633E-01  9.3856E-02  7.3940E-01  4.2369E-01 -1.8096E-01  3.4857E-01
            -1.8429E-01 -3.7387E-01 -2.2418E+00
 GRADIENT:  -2.4207E-02 -1.9692E-02  1.1020E-02 -6.4027E-02 -7.2197E-02 -5.8921E-01  3.0640E-01 -2.1843E-02  2.2242E-02  1.9349E-02
            -1.3392E-02 -1.4809E-01 -7.5751E-03

 #TERM:
0MINIMIZATION SUCCESSFUL
 NO. OF FUNCTION EVALUATIONS USED:      810
 NO. OF SIG. DIGITS IN FINAL EST.:  3.3

 ETABAR IS THE ARITHMETIC MEAN OF THE ETA-ESTIMATES,
 AND THE P-VALUE IS GIVEN FOR THE NULL HYPOTHESIS THAT THE TRUE MEAN IS 0.

 ETABAR:         4.3780E-03 -1.3550E-02 -8.0848E-03  2.1378E-02 -7.9737E-03 -1.6770E-02
 SE:             5.1402E-02  5.2980E-02  4.3936E-02  1.5679E-02  1.1193E-02  1.5585E-02
 N:                      66          66          66          66          66          66

 P VAL.:         9.3212E-01  7.9814E-01  8.5400E-01  1.7273E-01  4.7622E-01  2.8191E-01

 ETASHRINKSD(%)  4.4617E+00  9.8701E+00  1.1969E+01  4.6474E+01  6.1790E+01  4.6797E+01
 ETASHRINKVR(%)  8.7243E+00  1.8766E+01  2.2505E+01  7.1350E+01  8.5400E+01  7.1695E+01
 EBVSHRINKSD(%)  3.4558E+00  9.4836E+00  1.1795E+01  4.1988E+01  6.0204E+01  5.3887E+01
 EBVSHRINKVR(%)  6.7922E+00  1.8068E+01  2.2199E+01  6.6346E+01  8.4163E+01  7.8736E+01
 RELATIVEINF(%)  9.3107E+01  1.0000E-10  7.7654E+01  1.0000E-10  1.0000E-10  1.0000E-10
 EPSSHRINKSD(%)  1.1062E+01  1.1062E+01
 EPSSHRINKVR(%)  2.0900E+01  2.0900E+01

  
 TOTAL DATA POINTS NORMALLY DISTRIBUTED (N):          951
 N*LOG(2PI) CONSTANT TO OBJECTIVE FUNCTION:    1747.8210901552875     
 OBJECTIVE FUNCTION VALUE WITHOUT CONSTANT:    8564.3151312102164     
 OBJECTIVE FUNCTION VALUE WITH CONSTANT:       10312.136221365505     
 REPORTED OBJECTIVE FUNCTION DOES NOT CONTAIN CONSTANT
  
 TOTAL EFFECTIVE ETAS (NIND*NETA):                           348
  
 #TERE:
 Elapsed estimation  time in seconds:    25.23
 TESTING R MATRIX FOR POSITIVE DEFINITNESS
 R MATRIX IS POSITIVE DEFINITE
 Elapsed covariance  time in seconds:    16.50
 Elapsed postprocess time in seconds:     0.06
1
 
 
 
 
 
 
 
 
 
 
 
 
 
 
 
 
 
 
 
 
 ************************************************************************************************************************
 ********************                                                                                ********************
 ********************               FIRST ORDER CONDITIONAL ESTIMATION WITH INTERACTION              ********************
 #OBJT:**************                       MINIMUM VALUE OF OBJECTIVE FUNCTION                      ********************
 ********************                                                                                ********************
 ************************************************************************************************************************
 





 #OBJV:********************************************     8564.315       **************************************************
1
 ************************************************************************************************************************
 ********************                                                                                ********************
 ********************               FIRST ORDER CONDITIONAL ESTIMATION WITH INTERACTION              ********************
 ********************                             FINAL PARAMETER ESTIMATE                           ********************
 ********************                                                                                ********************
 ************************************************************************************************************************
 


 THETA - VECTOR OF FIXED EFFECTS PARAMETERS   *********


         TH 1      TH 2      TH 3      TH 4      TH 5      TH 6      TH 7     
 
         1.91E+01  1.52E+00  8.25E+00  2.66E+00  4.03E-01  3.81E-03  1.89E-01
 


 OMEGA - COV MATRIX FOR RANDOM EFFECTS - ETAS  ********


         ETA1      ETA2      ETA3      ETA4      ETA5      ETA6     
 
 ETA1
+        1.91E-01
 
 ETA2
+        0.00E+00  2.28E-01
 
 ETA3
+        0.00E+00  0.00E+00  1.64E-01
 
 ETA4
+        0.00E+00  0.00E+00  0.00E+00  5.66E-02
 
 ETA5
+        0.00E+00  0.00E+00  0.00E+00  0.00E+00  5.66E-02
 
 ETA6
+        0.00E+00  0.00E+00  0.00E+00  0.00E+00  0.00E+00  5.66E-02
 


 SIGMA - COV MATRIX FOR RANDOM EFFECTS - EPSILONS  ****


         EPS1      EPS2     
 
 EPS1
+        3.88E-02
 
 EPS2
+        0.00E+00  9.25E-01
 
1


 OMEGA - CORR MATRIX FOR RANDOM EFFECTS - ETAS  *******


         ETA1      ETA2      ETA3      ETA4      ETA5      ETA6     
 
 ETA1
+        4.37E-01
 
 ETA2
+        0.00E+00  4.78E-01
 
 ETA3
+        0.00E+00  0.00E+00  4.05E-01
 
 ETA4
+        0.00E+00  0.00E+00  0.00E+00  2.38E-01
 
 ETA5
+        0.00E+00  0.00E+00  0.00E+00  0.00E+00  2.38E-01
 
 ETA6
+        0.00E+00  0.00E+00  0.00E+00  0.00E+00  0.00E+00  2.38E-01
 


 SIGMA - CORR MATRIX FOR RANDOM EFFECTS - EPSILONS  ***


         EPS1      EPS2     
 
 EPS1
+        1.97E-01
 
 EPS2
+        0.00E+00  9.62E-01
 
1
 ************************************************************************************************************************
 ********************                                                                                ********************
 ********************               FIRST ORDER CONDITIONAL ESTIMATION WITH INTERACTION              ********************
 ********************                            STANDARD ERROR OF ESTIMATE                          ********************
 ********************                                                                                ********************
 ************************************************************************************************************************
 


 THETA - VECTOR OF FIXED EFFECTS PARAMETERS   *********


         TH 1      TH 2      TH 3      TH 4      TH 5      TH 6      TH 7     
 
         3.28E+00  1.82E-01  4.60E-01  4.03E-01  1.84E-02  3.30E-03  7.94E-03
 


 OMEGA - COV MATRIX FOR RANDOM EFFECTS - ETAS  ********


         ETA1      ETA2      ETA3      ETA4      ETA5      ETA6     
 
 ETA1
+        3.59E-02
 
 ETA2
+       .........  4.82E-02
 
 ETA3
+       ......... .........  3.91E-02
 
 ETA4
+       ......... ......... .........  1.47E-02
 
 ETA5
+       ......... ......... ......... ......... .........
 
 ETA6
+       ......... ......... ......... ......... ......... .........
 


 SIGMA - COV MATRIX FOR RANDOM EFFECTS - EPSILONS  ****


         EPS1      EPS2     
 
 EPS1
+        2.16E-03
 
 EPS2
+       .........  7.80E-01
 
1


 OMEGA - CORR MATRIX FOR RANDOM EFFECTS - ETAS  *******


         ETA1      ETA2      ETA3      ETA4      ETA5      ETA6     
 
 ETA1
+        4.11E-02
 
 ETA2
+       .........  5.05E-02
 
 ETA3
+       ......... .........  4.83E-02
 
 ETA4
+       ......... ......... .........  3.10E-02
 
 ETA5
+       ......... ......... ......... ......... .........
 
 ETA6
+       ......... ......... ......... ......... ......... .........
 


 SIGMA - CORR MATRIX FOR RANDOM EFFECTS - EPSILONS  ***


         EPS1      EPS2     
 
 EPS1
+        5.50E-03
 
 EPS2
+       .........  4.06E-01
 
1
 ************************************************************************************************************************
 ********************                                                                                ********************
 ********************               FIRST ORDER CONDITIONAL ESTIMATION WITH INTERACTION              ********************
 ********************                          COVARIANCE MATRIX OF ESTIMATE                         ********************
 ********************                                                                                ********************
 ************************************************************************************************************************
 

            TH 1      TH 2      TH 3      TH 4      TH 5      TH 6      TH 7      OM11      OM12      OM13      OM14      OM15  
             OM16      OM22      OM23      OM24      OM25      OM26      OM33      OM34      OM35      OM36      OM44      OM45  
            OM46      OM55      OM56      OM66      SG11      SG12      SG22  
 
 TH 1
+        1.08E+01
 
 TH 2
+        4.79E-01  3.31E-02
 
 TH 3
+        1.08E-02  3.94E-04  2.12E-01
 
 TH 4
+       -1.21E+00 -6.03E-02 -8.56E-04  1.62E-01
 
 TH 5
+        3.79E-02  2.35E-03  2.70E-04 -4.11E-03  3.40E-04
 
 TH 6
+       -2.68E-04  3.39E-06 -1.92E-05 -5.56E-06 -1.31E-08  1.09E-05
 
 TH 7
+       -1.41E-02 -5.69E-04  8.37E-06  2.05E-03 -2.58E-05  3.63E-08  6.31E-05
 
 OM11
+       -9.27E-04 -1.13E-04 -7.94E-04  1.34E-04 -3.90E-05  1.41E-06  1.70E-06  1.29E-03
 
 OM12
+       ......... ......... ......... ......... ......... ......... ......... ......... .........
 
 OM13
+       ......... ......... ......... ......... ......... ......... ......... ......... ......... .........
 
 OM14
+       ......... ......... ......... ......... ......... ......... ......... ......... ......... ......... .........
 
 OM15
+       ......... ......... ......... ......... ......... ......... ......... ......... ......... ......... ......... .........
 
 OM16
+       ......... ......... ......... ......... ......... ......... ......... ......... ......... ......... ......... .........
         .........
 
 OM22
+       -7.48E-03 -4.84E-04 -4.81E-04  1.11E-03 -5.86E-05  1.48E-06  1.04E-05  6.57E-05 ......... ......... ......... .........
         .........  2.32E-03
 
 OM23
+       ......... ......... ......... ......... ......... ......... ......... ......... ......... ......... ......... .........
         ......... ......... .........
 
 OM24
+       ......... ......... ......... ......... ......... ......... ......... ......... ......... ......... ......... .........
         ......... ......... ......... .........
 
 OM25
+       ......... ......... ......... ......... ......... ......... ......... ......... ......... ......... ......... .........
         ......... ......... ......... ......... .........
 
 OM26
+       ......... ......... ......... ......... ......... ......... ......... ......... ......... ......... ......... .........
         ......... ......... ......... ......... ......... .........
 
 OM33
+        3.67E-02  2.01E-03  6.92E-05 -5.17E-03  1.15E-04 -6.36E-09 -6.61E-05 -1.47E-05 ......... ......... ......... .........
         ......... -3.95E-05 ......... ......... ......... .........  1.53E-03
 
1

            TH 1      TH 2      TH 3      TH 4      TH 5      TH 6      TH 7      OM11      OM12      OM13      OM14      OM15  
             OM16      OM22      OM23      OM24      OM25      OM26      OM33      OM34      OM35      OM36      OM44      OM45  
            OM46      OM55      OM56      OM66      SG11      SG12      SG22  
 
 OM34
+       ......... ......... ......... ......... ......... ......... ......... ......... ......... ......... ......... .........
         ......... ......... ......... ......... ......... ......... ......... .........
 
 OM35
+       ......... ......... ......... ......... ......... ......... ......... ......... ......... ......... ......... .........
         ......... ......... ......... ......... ......... ......... ......... ......... .........
 
 OM36
+       ......... ......... ......... ......... ......... ......... ......... ......... ......... ......... ......... .........
         ......... ......... ......... ......... ......... ......... ......... ......... ......... .........
 
 OM44
+       -2.07E-03 -9.50E-05  1.84E-05  2.18E-04 -8.81E-06  1.25E-06  3.03E-06 -1.18E-05 ......... ......... ......... .........
         ......... -9.82E-05 ......... ......... ......... ......... -2.67E-06 ......... ......... .........  2.17E-04
 
 OM45
+       ......... ......... ......... ......... ......... ......... ......... ......... ......... ......... ......... .........
         ......... ......... ......... ......... ......... ......... ......... ......... ......... ......... ......... .........
 
 OM46
+       ......... ......... ......... ......... ......... ......... ......... ......... ......... ......... ......... .........
         ......... ......... ......... ......... ......... ......... ......... ......... ......... ......... ......... .........
        .........
 
 OM55
+       ......... ......... ......... ......... ......... ......... ......... ......... ......... ......... ......... .........
         ......... ......... ......... ......... ......... ......... ......... ......... ......... ......... ......... .........
        ......... .........
 
 OM56
+       ......... ......... ......... ......... ......... ......... ......... ......... ......... ......... ......... .........
         ......... ......... ......... ......... ......... ......... ......... ......... ......... ......... ......... .........
        ......... ......... .........
 
 OM66
+       ......... ......... ......... ......... ......... ......... ......... ......... ......... ......... ......... .........
         ......... ......... ......... ......... ......... ......... ......... ......... ......... ......... ......... .........
        ......... ......... ......... .........
 
 SG11
+       -1.94E-04 -1.56E-05  4.45E-05  4.08E-05 -5.13E-07 -6.51E-08  3.60E-07 -1.56E-06 ......... ......... ......... .........
         ......... -1.48E-06 ......... ......... ......... ......... -6.10E-06 ......... ......... ......... -1.39E-06 .........
        ......... ......... ......... .........  4.68E-06
 
 SG12
+       ......... ......... ......... ......... ......... ......... ......... ......... ......... ......... ......... .........
         ......... ......... ......... ......... ......... ......... ......... ......... ......... ......... ......... .........
        ......... ......... ......... ......... ......... .........
 
 SG22
+        9.97E-03 -3.87E-04  6.57E-05  1.29E-03 -7.12E-05 -6.20E-05  3.38E-05  7.94E-04 ......... ......... ......... .........
         .........  1.29E-03 ......... ......... ......... .........  1.46E-04 ......... ......... ......... -1.26E-03 .........
        ......... ......... ......... ......... -2.28E-04 .........  6.09E-01
 
1
 ************************************************************************************************************************
 ********************                                                                                ********************
 ********************               FIRST ORDER CONDITIONAL ESTIMATION WITH INTERACTION              ********************
 ********************                          CORRELATION MATRIX OF ESTIMATE                        ********************
 ********************                                                                                ********************
 ************************************************************************************************************************
 

            TH 1      TH 2      TH 3      TH 4      TH 5      TH 6      TH 7      OM11      OM12      OM13      OM14      OM15  
             OM16      OM22      OM23      OM24      OM25      OM26      OM33      OM34      OM35      OM36      OM44      OM45  
            OM46      OM55      OM56      OM66      SG11      SG12      SG22  
 
 TH 1
+        3.28E+00
 
 TH 2
+        8.03E-01  1.82E-01
 
 TH 3
+        7.18E-03  4.71E-03  4.60E-01
 
 TH 4
+       -9.13E-01 -8.23E-01 -4.62E-03  4.03E-01
 
 TH 5
+        6.27E-01  7.02E-01  3.18E-02 -5.54E-01  1.84E-02
 
 TH 6
+       -2.48E-02  5.67E-03 -1.27E-02 -4.19E-03 -2.15E-04  3.30E-03
 
 TH 7
+       -5.42E-01 -3.94E-01  2.29E-03  6.42E-01 -1.76E-01  1.39E-03  7.94E-03
 
 OM11
+       -7.86E-03 -1.73E-02 -4.80E-02  9.26E-03 -5.89E-02  1.19E-02  5.97E-03  3.59E-02
 
 OM12
+       ......... ......... ......... ......... ......... ......... ......... ......... .........
 
 OM13
+       ......... ......... ......... ......... ......... ......... ......... ......... ......... .........
 
 OM14
+       ......... ......... ......... ......... ......... ......... ......... ......... ......... ......... .........
 
 OM15
+       ......... ......... ......... ......... ......... ......... ......... ......... ......... ......... ......... .........
 
 OM16
+       ......... ......... ......... ......... ......... ......... ......... ......... ......... ......... ......... .........
         .........
 
 OM22
+       -4.73E-02 -5.53E-02 -2.17E-02  5.70E-02 -6.59E-02  9.29E-03  2.73E-02  3.79E-02 ......... ......... ......... .........
         .........  4.82E-02
 
 OM23
+       ......... ......... ......... ......... ......... ......... ......... ......... ......... ......... ......... .........
         ......... ......... .........
 
 OM24
+       ......... ......... ......... ......... ......... ......... ......... ......... ......... ......... ......... .........
         ......... ......... ......... .........
 
 OM25
+       ......... ......... ......... ......... ......... ......... ......... ......... ......... ......... ......... .........
         ......... ......... ......... ......... .........
 
 OM26
+       ......... ......... ......... ......... ......... ......... ......... ......... ......... ......... ......... .........
         ......... ......... ......... ......... ......... .........
 
 OM33
+        2.86E-01  2.82E-01  3.84E-03 -3.28E-01  1.59E-01 -4.93E-05 -2.13E-01 -1.04E-02 ......... ......... ......... .........
         ......... -2.10E-02 ......... ......... ......... .........  3.91E-02
 
1

            TH 1      TH 2      TH 3      TH 4      TH 5      TH 6      TH 7      OM11      OM12      OM13      OM14      OM15  
             OM16      OM22      OM23      OM24      OM25      OM26      OM33      OM34      OM35      OM36      OM44      OM45  
            OM46      OM55      OM56      OM66      SG11      SG12      SG22  
 
 OM34
+       ......... ......... ......... ......... ......... ......... ......... ......... ......... ......... ......... .........
         ......... ......... ......... ......... ......... ......... ......... .........
 
 OM35
+       ......... ......... ......... ......... ......... ......... ......... ......... ......... ......... ......... .........
         ......... ......... ......... ......... ......... ......... ......... ......... .........
 
 OM36
+       ......... ......... ......... ......... ......... ......... ......... ......... ......... ......... ......... .........
         ......... ......... ......... ......... ......... ......... ......... ......... ......... .........
 
 OM44
+       -4.28E-02 -3.54E-02  2.71E-03  3.67E-02 -3.24E-02  2.57E-02  2.59E-02 -2.23E-02 ......... ......... ......... .........
         ......... -1.38E-01 ......... ......... ......... ......... -4.62E-03 ......... ......... .........  1.47E-02
 
 OM45
+       ......... ......... ......... ......... ......... ......... ......... ......... ......... ......... ......... .........
         ......... ......... ......... ......... ......... ......... ......... ......... ......... ......... ......... .........
 
 OM46
+       ......... ......... ......... ......... ......... ......... ......... ......... ......... ......... ......... .........
         ......... ......... ......... ......... ......... ......... ......... ......... ......... ......... ......... .........
        .........
 
 OM55
+       ......... ......... ......... ......... ......... ......... ......... ......... ......... ......... ......... .........
         ......... ......... ......... ......... ......... ......... ......... ......... ......... ......... ......... .........
        ......... .........
 
 OM56
+       ......... ......... ......... ......... ......... ......... ......... ......... ......... ......... ......... .........
         ......... ......... ......... ......... ......... ......... ......... ......... ......... ......... ......... .........
        ......... ......... .........
 
 OM66
+       ......... ......... ......... ......... ......... ......... ......... ......... ......... ......... ......... .........
         ......... ......... ......... ......... ......... ......... ......... ......... ......... ......... ......... .........
        ......... ......... ......... .........
 
 SG11
+       -2.74E-02 -3.95E-02  4.47E-02  4.68E-02 -1.29E-02 -9.14E-03  2.09E-02 -2.01E-02 ......... ......... ......... .........
         ......... -1.42E-02 ......... ......... ......... ......... -7.21E-02 ......... ......... ......... -4.34E-02 .........
        ......... ......... ......... .........  2.16E-03
 
 SG12
+       ......... ......... ......... ......... ......... ......... ......... ......... ......... ......... ......... .........
         ......... ......... ......... ......... ......... ......... ......... ......... ......... ......... ......... .........
        ......... ......... ......... ......... ......... .........
 
 SG22
+        3.89E-03 -2.73E-03  1.83E-04  4.11E-03 -4.95E-03 -2.41E-02  5.46E-03  2.83E-02 ......... ......... ......... .........
         .........  3.42E-02 ......... ......... ......... .........  4.77E-03 ......... ......... ......... -1.10E-01 .........
        ......... ......... ......... ......... -1.35E-01 .........  7.80E-01
 
1
 ************************************************************************************************************************
 ********************                                                                                ********************
 ********************               FIRST ORDER CONDITIONAL ESTIMATION WITH INTERACTION              ********************
 ********************                      INVERSE COVARIANCE MATRIX OF ESTIMATE                     ********************
 ********************                                                                                ********************
 ************************************************************************************************************************
 

            TH 1      TH 2      TH 3      TH 4      TH 5      TH 6      TH 7      OM11      OM12      OM13      OM14      OM15  
             OM16      OM22      OM23      OM24      OM25      OM26      OM33      OM34      OM35      OM36      OM44      OM45  
            OM46      OM55      OM56      OM66      SG11      SG12      SG22  
 
 TH 1
+        6.47E-01
 
 TH 2
+       -3.53E-01  1.35E+02
 
 TH 3
+        9.93E-03  4.59E-01  4.75E+00
 
 TH 4
+        4.30E+00  4.14E+01  1.15E-01  5.97E+01
 
 TH 5
+       -1.84E+01 -4.18E+02 -6.25E+00 -1.01E+02  6.53E+03
 
 TH 6
+        1.82E+01 -2.72E+01  7.77E+00  1.25E+02 -4.08E+02  9.28E+04
 
 TH 7
+       -5.17E+00 -3.98E+02 -8.71E-01 -6.19E+02 -1.86E+03 -4.03E+02  3.05E+04
 
 OM11
+       -5.46E-01 -4.55E+00  2.67E+00 -1.31E+00  1.54E+02 -1.14E+02 -7.03E+01  7.82E+02
 
 OM12
+       ......... ......... ......... ......... ......... ......... ......... ......... .........
 
 OM13
+       ......... ......... ......... ......... ......... ......... ......... ......... ......... .........
 
 OM14
+       ......... ......... ......... ......... ......... ......... ......... ......... ......... ......... .........
 
 OM15
+       ......... ......... ......... ......... ......... ......... ......... ......... ......... ......... ......... .........
 
 OM16
+       ......... ......... ......... ......... ......... ......... ......... ......... ......... ......... ......... .........
         .........
 
 OM22
+       -4.41E-01 -1.43E+00  7.82E-01 -5.33E+00  7.38E+01 -9.40E+01  1.05E+01 -1.73E+01 ......... ......... ......... .........
         .........  4.43E+02
 
 OM23
+       ......... ......... ......... ......... ......... ......... ......... ......... ......... ......... ......... .........
         ......... ......... .........
 
 OM24
+       ......... ......... ......... ......... ......... ......... ......... ......... ......... ......... ......... .........
         ......... ......... ......... .........
 
 OM25
+       ......... ......... ......... ......... ......... ......... ......... ......... ......... ......... ......... .........
         ......... ......... ......... ......... .........
 
 OM26
+       ......... ......... ......... ......... ......... ......... ......... ......... ......... ......... ......... .........
         ......... ......... ......... ......... ......... .........
 
 OM33
+        5.44E-01 -1.42E+01 -3.69E-01  2.39E+01  8.15E+01  3.40E+01  1.75E+01  7.95E+00 ......... ......... ......... .........
         .........  1.79E+00 ......... ......... ......... .........  7.36E+02
 
1

            TH 1      TH 2      TH 3      TH 4      TH 5      TH 6      TH 7      OM11      OM12      OM13      OM14      OM15  
             OM16      OM22      OM23      OM24      OM25      OM26      OM33      OM34      OM35      OM36      OM44      OM45  
            OM46      OM55      OM56      OM66      SG11      SG12      SG22  
 
 OM34
+       ......... ......... ......... ......... ......... ......... ......... ......... ......... ......... ......... .........
         ......... ......... ......... ......... ......... ......... ......... .........
 
 OM35
+       ......... ......... ......... ......... ......... ......... ......... ......... ......... ......... ......... .........
         ......... ......... ......... ......... ......... ......... ......... ......... .........
 
 OM36
+       ......... ......... ......... ......... ......... ......... ......... ......... ......... ......... ......... .........
         ......... ......... ......... ......... ......... ......... ......... ......... ......... .........
 
 OM44
+        4.76E-01  1.83E+00 -4.40E-01 -1.13E+00  8.36E+01 -5.00E+02 -9.38E+01  3.30E+01 ......... ......... ......... .........
         .........  2.02E+02 ......... ......... ......... ......... -6.97E+00 ......... ......... .........  4.78E+03
 
 OM45
+       ......... ......... ......... ......... ......... ......... ......... ......... ......... ......... ......... .........
         ......... ......... ......... ......... ......... ......... ......... ......... ......... ......... ......... .........
 
 OM46
+       ......... ......... ......... ......... ......... ......... ......... ......... ......... ......... ......... .........
         ......... ......... ......... ......... ......... ......... ......... ......... ......... ......... ......... .........
        .........
 
 OM55
+       ......... ......... ......... ......... ......... ......... ......... ......... ......... ......... ......... .........
         ......... ......... ......... ......... ......... ......... ......... ......... ......... ......... ......... .........
        ......... .........
 
 OM56
+       ......... ......... ......... ......... ......... ......... ......... ......... ......... ......... ......... .........
         ......... ......... ......... ......... ......... ......... ......... ......... ......... ......... ......... .........
        ......... ......... .........
 
 OM66
+       ......... ......... ......... ......... ......... ......... ......... ......... ......... ......... ......... .........
         ......... ......... ......... ......... ......... ......... ......... ......... ......... ......... ......... .........
        ......... ......... ......... .........
 
 SG11
+       -1.38E+01  3.21E+01 -4.54E+01 -1.46E+02 -1.11E+02  1.02E+03  1.26E+03  2.05E+02 ......... ......... ......... .........
         .........  1.99E+02 ......... ......... ......... .........  7.41E+02 ......... ......... .........  2.02E+03 .........
        ......... ......... ......... .........  2.21E+05
 
 SG12
+       ......... ......... ......... ......... ......... ......... ......... ......... ......... ......... ......... .........
         ......... ......... ......... ......... ......... ......... ......... ......... ......... ......... ......... .........
        ......... ......... ......... ......... ......... .........
 
 SG22
+       -2.26E-02  2.22E-03 -2.35E-02 -1.85E-01  8.32E-01  8.53E+00 -4.67E-01 -8.22E-01 ......... ......... ......... .........
         ......... -4.03E-01 ......... ......... ......... .........  1.58E-02 ......... ......... .........  1.02E+01 .........
        ......... ......... ......... .........  8.64E+01 .........  1.70E+00
 
1
 
 
 
 
 
 
 
 
 
 
 
 
 
 
 
 
 
 
 
 
 ************************************************************************************************************************
 ********************                                                                                ********************
 ********************               FIRST ORDER CONDITIONAL ESTIMATION WITH INTERACTION              ********************
 ********************                      EIGENVALUES OF COR MATRIX OF ESTIMATE                     ********************
 ********************                                                                                ********************
 ************************************************************************************************************************
 

             1         2         3         4         5         6         7         8         9        10        11        12
             13
 
         6.62E-02  1.80E-01  3.17E-01  7.72E-01  8.22E-01  8.81E-01  9.42E-01  9.53E-01  9.91E-01  1.05E+00  1.11E+00  1.23E+00
          3.68E+00
 
 Elapsed finaloutput time in seconds:     0.04
1
 PROBLEM NO.:         2
 SIMULATION FOR CMAX
0DATA CHECKOUT RUN:              NO
 DATA SET LOCATED ON UNIT NO.:    2
 THIS UNIT TO BE REWOUND:        NO
 NO. OF DATA RECS IN DATA SET:     1110
 NO. OF DATA ITEMS IN DATA SET:  15
 ID DATA ITEM IS DATA ITEM NO.:   1
 DEP VARIABLE IS DATA ITEM NO.:   4
 MDV DATA ITEM IS DATA ITEM NO.:  5
0INDICES PASSED TO SUBROUTINE PRED:
   6   2   3   0   0   0   0   0   0   0   0
0LABELS FOR DATA ITEMS:
 ID TIME AMT DV MDV EVID WT AGE SEX BUN SCR OCC CRCL COV1 COV2
0(NONBLANK) LABELS FOR PRED-DEFINED ITEMS:
 REP IOBS
0FORMAT FOR DATA:
 (1(8E9.0/),7E9.0)

 TOT. NO. OF OBS RECS:      951
 TOT. NO. OF INDIVIDUALS:       66
0MODEL SPECIFICATION FILE INPUT
 EST. RESCALED:   NO
0SIMULATION STEP OMITTED:    NO
 OBJ FUNC EVALUATED:         NO
 ORIGINAL DATA USED ON EACH NEW SIMULATION:         NO
 SEEDS RESET ON EACH NEW SUPERSET ITERATION:        YES
 SIMULATE WITH
   INITIAL ESTIMATE:        YES
   FINAL ESTIMATE:           NO
   PRIOR ROUTINE VAL.:       NO
0SIMULATION RANDOM METHOD SELECTED (RANMETHOD): 4U
SEED   1 RESET TO INITIAL: YES
 SOURCE   1:
   SEED1:             1   SEED2:             0   PSEUDO-NORMAL
0TABLES STEP OMITTED:    NO
 NO. OF TABLES:           1
 SEED NUMBER (SEED):    11456
 NPDTYPE:    0
 INTERPTYPE:    0
 RANMETHOD:             3U
 MC SAMPLES (ESAMPLE):    300
 WRES SQUARE ROOT TYPE (WRESCHOL): EIGENVALUE
0-- TABLE   1 --
0RECORDS ONLY:    ALL
04 COLUMNS APPENDED:    NO
 PRINTED:                NO
 HEADERS:               ONE
 FILE TO BE FORWARDED:   NO
 FORMAT:                S1PE11.4
 IDFORMAT:
 LFORMAT:
 RFORMAT:
 FIXED_EFFECT_ETAS:
0USER-CHOSEN ITEMS:
 REP ID TIME IOBS EVID
1
 ADDITIONAL PK PARAMETERS - ASSIGNMENT OF ROWS IN GG
 COMPT. NO.                             INDICES
              SCALE      BIOAVAIL.   ZERO-ORDER  ZERO-ORDER  ABSORB
                         FRACTION    RATE        DURATION    LAG
    1            *           *           *           *           6
    2            7           *           *           *           *
    3            *           *           *           *           *
    4            *           -           -           -           -
             - PARAMETER IS NOT ALLOWED FOR THIS MODEL
             * PARAMETER IS NOT SUPPLIED BY PK SUBROUTINE;
               WILL DEFAULT TO ONE IF APPLICABLE
0DATA ITEM INDICES USED BY PRED ARE:
   EVENT ID DATA ITEM IS DATA ITEM NO.:      6
   TIME DATA ITEM IS DATA ITEM NO.:          2
   DOSE AMOUNT DATA ITEM IS DATA ITEM NO.:   3

0PK SUBROUTINE CALLED WITH EVERY EVENT RECORD.
 PK SUBROUTINE NOT CALLED AT NONEVENT (ADDITIONAL OR LAGGED) DOSE TIMES.
0ERROR SUBROUTINE CALLED WITH EVERY EVENT RECORD.
1
 SIMULATION STEP PERFORMED
 SOURCE  1:
    SEED1:    1746721617   SEED2:             0
 Elapsed simulation  time in seconds:     0.00
 ESTIMATION STEP OMITTED:                 YES
 Elapsed finaloutput time in seconds:     0.02
 #CPUT: Total CPU Time in Seconds,       41.461
Stop Time:
Wed 21 Dec 2022 04:55:07 PM PST
Post run Python code Penalty = 2.465085865521979
Post run Python code text = Observed day 1 Cmax geo mean = 567.9, simulated day 1 Cmax geo mean = 564.4
OFV = 8564.315131210216
success = True
covariance = True
correlation = True
Condition # = 55.589779963383926
Num Non fixed THETAs = 7
Num Non fixed OMEGAs = 4
Num Non fixed SIGMAs = 2
Original run directory = /home/CertaraUser/pydarwin/Example6/temp/5D05/28
